[0.333s] DEBUG:colcon:Command line arguments: ['/usr/bin/colcon', 'build']
[0.333s] DEBUG:colcon:Parsed command line arguments: Namespace(log_base=None, log_level=None, verb_name='build', build_base='build', install_base='install', merge_install=False, symlink_install=False, test_result_base=None, continue_on_error=False, executor='parallel', parallel_workers=8, event_handlers=None, ignore_user_meta=False, metas=['./colcon.meta'], base_paths=['.'], packages_ignore=None, packages_ignore_regex=None, paths=None, packages_up_to=None, packages_up_to_regex=None, packages_above=None, packages_above_and_dependencies=None, packages_above_depth=None, packages_select_by_dep=None, packages_skip_by_dep=None, packages_skip_up_to=None, packages_select_build_failed=False, packages_skip_build_finished=False, packages_select_test_failures=False, packages_skip_test_passed=False, packages_select=None, packages_skip=None, packages_select_regex=None, packages_skip_regex=None, packages_start=None, packages_end=None, allow_overriding=[], cmake_args=None, cmake_target=None, cmake_target_skip_unavailable=False, cmake_clean_cache=False, cmake_clean_first=False, cmake_force_configure=False, ament_cmake_args=None, catkin_cmake_args=None, catkin_skip_building_tests=False, mixin_files=None, mixin=None, verb_parser=<colcon_mixin.mixin.mixin_argument.MixinArgumentDecorator object at 0x7a0c3525e080>, verb_extension=<colcon_core.verb.build.BuildVerb object at 0x7a0c3535f1f0>, main=<bound method BuildVerb.main of <colcon_core.verb.build.BuildVerb object at 0x7a0c3535f1f0>>, mixin_verb=('build',))
[0.789s] Level 1:colcon.colcon_core.package_discovery:discover_packages(colcon_meta) check parameters
[0.789s] Level 1:colcon.colcon_core.package_discovery:discover_packages(recursive) check parameters
[0.789s] Level 1:colcon.colcon_core.package_discovery:discover_packages(ignore) check parameters
[0.789s] Level 1:colcon.colcon_core.package_discovery:discover_packages(path) check parameters
[0.789s] Level 1:colcon.colcon_core.package_discovery:discover_packages(colcon_meta) discover
[0.789s] Level 1:colcon.colcon_core.package_discovery:discover_packages(recursive) discover
[0.789s] INFO:colcon.colcon_core.package_discovery:Crawling recursively for packages in '/home/yundali/Arm_Project_WS/src'
[0.789s] Level 1:colcon.colcon_core.package_identification:_identify(.) by extensions ['ignore', 'ignore_ament_install']
[0.789s] Level 1:colcon.colcon_core.package_identification:_identify(.) by extension 'ignore'
[0.789s] Level 1:colcon.colcon_core.package_identification:_identify(.) by extension 'ignore_ament_install'
[0.789s] Level 1:colcon.colcon_core.package_identification:_identify(.) by extensions ['colcon_pkg']
[0.789s] Level 1:colcon.colcon_core.package_identification:_identify(.) by extension 'colcon_pkg'
[0.789s] Level 1:colcon.colcon_core.package_identification:_identify(.) by extensions ['colcon_meta']
[0.789s] Level 1:colcon.colcon_core.package_identification:_identify(.) by extension 'colcon_meta'
[0.789s] Level 1:colcon.colcon_core.package_identification:_identify(.) by extensions ['ros']
[0.789s] Level 1:colcon.colcon_core.package_identification:_identify(.) by extension 'ros'
[0.801s] Level 1:colcon.colcon_core.package_identification:_identify(.) by extensions ['cmake', 'python']
[0.802s] Level 1:colcon.colcon_core.package_identification:_identify(.) by extension 'cmake'
[0.802s] Level 1:colcon.colcon_core.package_identification:_identify(.) by extension 'python'
[0.802s] Level 1:colcon.colcon_core.package_identification:_identify(.) by extensions ['python_setup_py']
[0.802s] Level 1:colcon.colcon_core.package_identification:_identify(.) by extension 'python_setup_py'
[0.802s] Level 1:colcon.colcon_core.package_identification:_identify(build) by extensions ['ignore', 'ignore_ament_install']
[0.802s] Level 1:colcon.colcon_core.package_identification:_identify(build) by extension 'ignore'
[0.802s] Level 1:colcon.colcon_core.package_identification:_identify(build) ignored
[0.802s] Level 1:colcon.colcon_core.package_identification:_identify(feetech_ros2_driver) by extensions ['ignore', 'ignore_ament_install']
[0.802s] Level 1:colcon.colcon_core.package_identification:_identify(feetech_ros2_driver) by extension 'ignore'
[0.802s] Level 1:colcon.colcon_core.package_identification:_identify(feetech_ros2_driver) by extension 'ignore_ament_install'
[0.802s] Level 1:colcon.colcon_core.package_identification:_identify(feetech_ros2_driver) by extensions ['colcon_pkg']
[0.802s] Level 1:colcon.colcon_core.package_identification:_identify(feetech_ros2_driver) by extension 'colcon_pkg'
[0.802s] Level 1:colcon.colcon_core.package_identification:_identify(feetech_ros2_driver) by extensions ['colcon_meta']
[0.802s] Level 1:colcon.colcon_core.package_identification:_identify(feetech_ros2_driver) by extension 'colcon_meta'
[0.803s] Level 1:colcon.colcon_core.package_identification:_identify(feetech_ros2_driver) by extensions ['ros']
[0.803s] Level 1:colcon.colcon_core.package_identification:_identify(feetech_ros2_driver) by extension 'ros'
[0.807s] DEBUG:colcon.colcon_core.package_identification:Package 'feetech_ros2_driver' with type 'ros.ament_cmake' and name 'feetech_ros2_driver'
[0.807s] Level 1:colcon.colcon_core.package_identification:_identify(install) by extensions ['ignore', 'ignore_ament_install']
[0.807s] Level 1:colcon.colcon_core.package_identification:_identify(install) by extension 'ignore'
[0.807s] Level 1:colcon.colcon_core.package_identification:_identify(install) ignored
[0.807s] Level 1:colcon.colcon_core.package_identification:_identify(log) by extensions ['ignore', 'ignore_ament_install']
[0.807s] Level 1:colcon.colcon_core.package_identification:_identify(log) by extension 'ignore'
[0.807s] Level 1:colcon.colcon_core.package_identification:_identify(log) ignored
[0.807s] Level 1:colcon.colcon_core.package_identification:_identify(soarm_controller) by extensions ['ignore', 'ignore_ament_install']
[0.807s] Level 1:colcon.colcon_core.package_identification:_identify(soarm_controller) by extension 'ignore'
[0.808s] Level 1:colcon.colcon_core.package_identification:_identify(soarm_controller) by extension 'ignore_ament_install'
[0.808s] Level 1:colcon.colcon_core.package_identification:_identify(soarm_controller) by extensions ['colcon_pkg']
[0.808s] Level 1:colcon.colcon_core.package_identification:_identify(soarm_controller) by extension 'colcon_pkg'
[0.808s] Level 1:colcon.colcon_core.package_identification:_identify(soarm_controller) by extensions ['colcon_meta']
[0.808s] Level 1:colcon.colcon_core.package_identification:_identify(soarm_controller) by extension 'colcon_meta'
[0.808s] Level 1:colcon.colcon_core.package_identification:_identify(soarm_controller) by extensions ['ros']
[0.808s] Level 1:colcon.colcon_core.package_identification:_identify(soarm_controller) by extension 'ros'
[0.808s] DEBUG:colcon.colcon_core.package_identification:Package 'soarm_controller' with type 'ros.ament_cmake' and name 'soarm_controller'
[0.809s] Level 1:colcon.colcon_core.package_identification:_identify(soarm_description) by extensions ['ignore', 'ignore_ament_install']
[0.809s] Level 1:colcon.colcon_core.package_identification:_identify(soarm_description) by extension 'ignore'
[0.809s] Level 1:colcon.colcon_core.package_identification:_identify(soarm_description) by extension 'ignore_ament_install'
[0.809s] Level 1:colcon.colcon_core.package_identification:_identify(soarm_description) by extensions ['colcon_pkg']
[0.809s] Level 1:colcon.colcon_core.package_identification:_identify(soarm_description) by extension 'colcon_pkg'
[0.809s] Level 1:colcon.colcon_core.package_identification:_identify(soarm_description) by extensions ['colcon_meta']
[0.809s] Level 1:colcon.colcon_core.package_identification:_identify(soarm_description) by extension 'colcon_meta'
[0.809s] Level 1:colcon.colcon_core.package_identification:_identify(soarm_description) by extensions ['ros']
[0.809s] Level 1:colcon.colcon_core.package_identification:_identify(soarm_description) by extension 'ros'
[0.810s] DEBUG:colcon.colcon_core.package_identification:Package 'soarm_description' with type 'ros.ament_cmake' and name 'soarm_description'
[0.810s] Level 1:colcon.colcon_core.package_identification:_identify(soarm_scripts) by extensions ['ignore', 'ignore_ament_install']
[0.810s] Level 1:colcon.colcon_core.package_identification:_identify(soarm_scripts) by extension 'ignore'
[0.810s] Level 1:colcon.colcon_core.package_identification:_identify(soarm_scripts) by extension 'ignore_ament_install'
[0.810s] Level 1:colcon.colcon_core.package_identification:_identify(soarm_scripts) by extensions ['colcon_pkg']
[0.810s] Level 1:colcon.colcon_core.package_identification:_identify(soarm_scripts) by extension 'colcon_pkg'
[0.810s] Level 1:colcon.colcon_core.package_identification:_identify(soarm_scripts) by extensions ['colcon_meta']
[0.810s] Level 1:colcon.colcon_core.package_identification:_identify(soarm_scripts) by extension 'colcon_meta'
[0.810s] Level 1:colcon.colcon_core.package_identification:_identify(soarm_scripts) by extensions ['ros']
[0.810s] Level 1:colcon.colcon_core.package_identification:_identify(soarm_scripts) by extension 'ros'
[0.811s] DEBUG:colcon.colcon_core.package_identification:Package 'soarm_scripts' with type 'ros.ament_cmake' and name 'soarm_scripts'
[0.811s] Level 1:colcon.colcon_core.package_discovery:discover_packages(recursive) using defaults
[0.811s] Level 1:colcon.colcon_core.package_discovery:discover_packages(ignore) discover
[0.811s] Level 1:colcon.colcon_core.package_discovery:discover_packages(ignore) using defaults
[0.811s] Level 1:colcon.colcon_core.package_discovery:discover_packages(path) discover
[0.811s] Level 1:colcon.colcon_core.package_discovery:discover_packages(path) using defaults
[1.037s] Level 1:colcon.colcon_core.package_discovery:discover_packages(prefix_path) check parameters
[1.037s] Level 1:colcon.colcon_core.package_discovery:discover_packages(prefix_path) discover
[1.063s] DEBUG:colcon.colcon_installed_package_information.package_discovery:Found 3 installed packages in /home/yundali/Arm_Project_WS/install
[1.065s] DEBUG:colcon.colcon_installed_package_information.package_discovery:Found 400 installed packages in /opt/ros/humble
[1.067s] Level 1:colcon.colcon_core.package_discovery:discover_packages(prefix_path) using defaults
[1.198s] Level 5:colcon.colcon_core.verb:set package 'feetech_ros2_driver' build argument 'cmake_args' from command line to 'None'
[1.198s] Level 5:colcon.colcon_core.verb:set package 'feetech_ros2_driver' build argument 'cmake_target' from command line to 'None'
[1.198s] Level 5:colcon.colcon_core.verb:set package 'feetech_ros2_driver' build argument 'cmake_target_skip_unavailable' from command line to 'False'
[1.198s] Level 5:colcon.colcon_core.verb:set package 'feetech_ros2_driver' build argument 'cmake_clean_cache' from command line to 'False'
[1.198s] Level 5:colcon.colcon_core.verb:set package 'feetech_ros2_driver' build argument 'cmake_clean_first' from command line to 'False'
[1.198s] Level 5:colcon.colcon_core.verb:set package 'feetech_ros2_driver' build argument 'cmake_force_configure' from command line to 'False'
[1.198s] Level 5:colcon.colcon_core.verb:set package 'feetech_ros2_driver' build argument 'ament_cmake_args' from command line to 'None'
[1.198s] Level 5:colcon.colcon_core.verb:set package 'feetech_ros2_driver' build argument 'catkin_cmake_args' from command line to 'None'
[1.198s] Level 5:colcon.colcon_core.verb:set package 'feetech_ros2_driver' build argument 'catkin_skip_building_tests' from command line to 'False'
[1.198s] DEBUG:colcon.colcon_core.verb:Building package 'feetech_ros2_driver' with the following arguments: {'ament_cmake_args': None, 'build_base': '/home/yundali/Arm_Project_WS/src/build/feetech_ros2_driver', 'catkin_cmake_args': None, 'catkin_skip_building_tests': False, 'cmake_args': None, 'cmake_clean_cache': False, 'cmake_clean_first': False, 'cmake_force_configure': False, 'cmake_target': None, 'cmake_target_skip_unavailable': False, 'install_base': '/home/yundali/Arm_Project_WS/src/install/feetech_ros2_driver', 'merge_install': False, 'path': '/home/yundali/Arm_Project_WS/src/feetech_ros2_driver', 'symlink_install': False, 'test_result_base': None}
[1.199s] Level 5:colcon.colcon_core.verb:set package 'soarm_controller' build argument 'cmake_args' from command line to 'None'
[1.199s] Level 5:colcon.colcon_core.verb:set package 'soarm_controller' build argument 'cmake_target' from command line to 'None'
[1.199s] Level 5:colcon.colcon_core.verb:set package 'soarm_controller' build argument 'cmake_target_skip_unavailable' from command line to 'False'
[1.199s] Level 5:colcon.colcon_core.verb:set package 'soarm_controller' build argument 'cmake_clean_cache' from command line to 'False'
[1.199s] Level 5:colcon.colcon_core.verb:set package 'soarm_controller' build argument 'cmake_clean_first' from command line to 'False'
[1.199s] Level 5:colcon.colcon_core.verb:set package 'soarm_controller' build argument 'cmake_force_configure' from command line to 'False'
[1.199s] Level 5:colcon.colcon_core.verb:set package 'soarm_controller' build argument 'ament_cmake_args' from command line to 'None'
[1.199s] Level 5:colcon.colcon_core.verb:set package 'soarm_controller' build argument 'catkin_cmake_args' from command line to 'None'
[1.199s] Level 5:colcon.colcon_core.verb:set package 'soarm_controller' build argument 'catkin_skip_building_tests' from command line to 'False'
[1.199s] DEBUG:colcon.colcon_core.verb:Building package 'soarm_controller' with the following arguments: {'ament_cmake_args': None, 'build_base': '/home/yundali/Arm_Project_WS/src/build/soarm_controller', 'catkin_cmake_args': None, 'catkin_skip_building_tests': False, 'cmake_args': None, 'cmake_clean_cache': False, 'cmake_clean_first': False, 'cmake_force_configure': False, 'cmake_target': None, 'cmake_target_skip_unavailable': False, 'install_base': '/home/yundali/Arm_Project_WS/src/install/soarm_controller', 'merge_install': False, 'path': '/home/yundali/Arm_Project_WS/src/soarm_controller', 'symlink_install': False, 'test_result_base': None}
[1.199s] Level 5:colcon.colcon_core.verb:set package 'soarm_description' build argument 'cmake_args' from command line to 'None'
[1.199s] Level 5:colcon.colcon_core.verb:set package 'soarm_description' build argument 'cmake_target' from command line to 'None'
[1.199s] Level 5:colcon.colcon_core.verb:set package 'soarm_description' build argument 'cmake_target_skip_unavailable' from command line to 'False'
[1.199s] Level 5:colcon.colcon_core.verb:set package 'soarm_description' build argument 'cmake_clean_cache' from command line to 'False'
[1.199s] Level 5:colcon.colcon_core.verb:set package 'soarm_description' build argument 'cmake_clean_first' from command line to 'False'
[1.199s] Level 5:colcon.colcon_core.verb:set package 'soarm_description' build argument 'cmake_force_configure' from command line to 'False'
[1.199s] Level 5:colcon.colcon_core.verb:set package 'soarm_description' build argument 'ament_cmake_args' from command line to 'None'
[1.199s] Level 5:colcon.colcon_core.verb:set package 'soarm_description' build argument 'catkin_cmake_args' from command line to 'None'
[1.199s] Level 5:colcon.colcon_core.verb:set package 'soarm_description' build argument 'catkin_skip_building_tests' from command line to 'False'
[1.200s] DEBUG:colcon.colcon_core.verb:Building package 'soarm_description' with the following arguments: {'ament_cmake_args': None, 'build_base': '/home/yundali/Arm_Project_WS/src/build/soarm_description', 'catkin_cmake_args': None, 'catkin_skip_building_tests': False, 'cmake_args': None, 'cmake_clean_cache': False, 'cmake_clean_first': False, 'cmake_force_configure': False, 'cmake_target': None, 'cmake_target_skip_unavailable': False, 'install_base': '/home/yundali/Arm_Project_WS/src/install/soarm_description', 'merge_install': False, 'path': '/home/yundali/Arm_Project_WS/src/soarm_description', 'symlink_install': False, 'test_result_base': None}
[1.200s] Level 5:colcon.colcon_core.verb:set package 'soarm_scripts' build argument 'cmake_args' from command line to 'None'
[1.200s] Level 5:colcon.colcon_core.verb:set package 'soarm_scripts' build argument 'cmake_target' from command line to 'None'
[1.200s] Level 5:colcon.colcon_core.verb:set package 'soarm_scripts' build argument 'cmake_target_skip_unavailable' from command line to 'False'
[1.200s] Level 5:colcon.colcon_core.verb:set package 'soarm_scripts' build argument 'cmake_clean_cache' from command line to 'False'
[1.200s] Level 5:colcon.colcon_core.verb:set package 'soarm_scripts' build argument 'cmake_clean_first' from command line to 'False'
[1.200s] Level 5:colcon.colcon_core.verb:set package 'soarm_scripts' build argument 'cmake_force_configure' from command line to 'False'
[1.200s] Level 5:colcon.colcon_core.verb:set package 'soarm_scripts' build argument 'ament_cmake_args' from command line to 'None'
[1.200s] Level 5:colcon.colcon_core.verb:set package 'soarm_scripts' build argument 'catkin_cmake_args' from command line to 'None'
[1.200s] Level 5:colcon.colcon_core.verb:set package 'soarm_scripts' build argument 'catkin_skip_building_tests' from command line to 'False'
[1.200s] DEBUG:colcon.colcon_core.verb:Building package 'soarm_scripts' with the following arguments: {'ament_cmake_args': None, 'build_base': '/home/yundali/Arm_Project_WS/src/build/soarm_scripts', 'catkin_cmake_args': None, 'catkin_skip_building_tests': False, 'cmake_args': None, 'cmake_clean_cache': False, 'cmake_clean_first': False, 'cmake_force_configure': False, 'cmake_target': None, 'cmake_target_skip_unavailable': False, 'install_base': '/home/yundali/Arm_Project_WS/src/install/soarm_scripts', 'merge_install': False, 'path': '/home/yundali/Arm_Project_WS/src/soarm_scripts', 'symlink_install': False, 'test_result_base': None}
[1.200s] INFO:colcon.colcon_core.executor:Executing jobs using 'parallel' executor
[1.201s] DEBUG:colcon.colcon_parallel_executor.executor.parallel:run_until_complete
[1.202s] INFO:colcon.colcon_ros.task.ament_cmake.build:Building ROS package in '/home/yundali/Arm_Project_WS/src/feetech_ros2_driver' with build type 'ament_cmake'
[1.202s] INFO:colcon.colcon_cmake.task.cmake.build:Building CMake package in '/home/yundali/Arm_Project_WS/src/feetech_ros2_driver'
[1.223s] INFO:colcon.colcon_core.plugin_system:Skipping extension 'colcon_core.shell.bat': Not used on non-Windows systems
[1.223s] INFO:colcon.colcon_core.shell:Skip shell extension 'powershell' for command environment: Not usable outside of PowerShell
[1.223s] DEBUG:colcon.colcon_core.shell:Skip shell extension 'dsv' for command environment
[1.240s] INFO:colcon.colcon_ros.task.ament_cmake.build:Building ROS package in '/home/yundali/Arm_Project_WS/src/soarm_controller' with build type 'ament_cmake'
[1.240s] INFO:colcon.colcon_cmake.task.cmake.build:Building CMake package in '/home/yundali/Arm_Project_WS/src/soarm_controller'
[1.240s] INFO:colcon.colcon_core.shell:Skip shell extension 'powershell' for command environment: Not usable outside of PowerShell
[1.240s] DEBUG:colcon.colcon_core.shell:Skip shell extension 'dsv' for command environment
[1.245s] INFO:colcon.colcon_ros.task.ament_cmake.build:Building ROS package in '/home/yundali/Arm_Project_WS/src/soarm_description' with build type 'ament_cmake'
[1.245s] INFO:colcon.colcon_cmake.task.cmake.build:Building CMake package in '/home/yundali/Arm_Project_WS/src/soarm_description'
[1.245s] INFO:colcon.colcon_core.shell:Skip shell extension 'powershell' for command environment: Not usable outside of PowerShell
[1.245s] DEBUG:colcon.colcon_core.shell:Skip shell extension 'dsv' for command environment
[1.250s] INFO:colcon.colcon_ros.task.ament_cmake.build:Building ROS package in '/home/yundali/Arm_Project_WS/src/soarm_scripts' with build type 'ament_cmake'
[1.250s] INFO:colcon.colcon_cmake.task.cmake.build:Building CMake package in '/home/yundali/Arm_Project_WS/src/soarm_scripts'
[1.250s] INFO:colcon.colcon_core.shell:Skip shell extension 'powershell' for command environment: Not usable outside of PowerShell
[1.250s] DEBUG:colcon.colcon_core.shell:Skip shell extension 'dsv' for command environment
[1.258s] DEBUG:colcon.colcon_core.event_handler.log_command:Invoking command in '/home/yundali/Arm_Project_WS/src/build/feetech_ros2_driver': CMAKE_PREFIX_PATH=${CMAKE_PREFIX_PATH}:/opt/ros/humble /usr/bin/cmake /home/yundali/Arm_Project_WS/src/feetech_ros2_driver -DCMAKE_INSTALL_PREFIX=/home/yundali/Arm_Project_WS/src/install/feetech_ros2_driver
[1.276s] DEBUG:colcon.colcon_core.event_handler.log_command:Invoking command in '/home/yundali/Arm_Project_WS/src/build/soarm_controller': CMAKE_PREFIX_PATH=${CMAKE_PREFIX_PATH}:/opt/ros/humble /usr/bin/cmake /home/yundali/Arm_Project_WS/src/soarm_controller -DCMAKE_INSTALL_PREFIX=/home/yundali/Arm_Project_WS/src/install/soarm_controller
[1.280s] DEBUG:colcon.colcon_core.event_handler.log_command:Invoking command in '/home/yundali/Arm_Project_WS/src/build/soarm_description': CMAKE_PREFIX_PATH=${CMAKE_PREFIX_PATH}:/opt/ros/humble /usr/bin/cmake /home/yundali/Arm_Project_WS/src/soarm_description -DCMAKE_INSTALL_PREFIX=/home/yundali/Arm_Project_WS/src/install/soarm_description
[1.285s] DEBUG:colcon.colcon_core.event_handler.log_command:Invoking command in '/home/yundali/Arm_Project_WS/src/build/soarm_scripts': CMAKE_PREFIX_PATH=${CMAKE_PREFIX_PATH}:/opt/ros/humble /usr/bin/cmake /home/yundali/Arm_Project_WS/src/soarm_scripts -DCMAKE_INSTALL_PREFIX=/home/yundali/Arm_Project_WS/src/install/soarm_scripts
[4.223s] DEBUG:colcon.colcon_core.event_handler.log_command:Invoked command in '/home/yundali/Arm_Project_WS/src/build/soarm_scripts' returned '0': CMAKE_PREFIX_PATH=${CMAKE_PREFIX_PATH}:/opt/ros/humble /usr/bin/cmake /home/yundali/Arm_Project_WS/src/soarm_scripts -DCMAKE_INSTALL_PREFIX=/home/yundali/Arm_Project_WS/src/install/soarm_scripts
[4.225s] DEBUG:colcon.colcon_core.event_handler.log_command:Invoking command in '/home/yundali/Arm_Project_WS/src/build/soarm_scripts': CMAKE_PREFIX_PATH=${CMAKE_PREFIX_PATH}:/opt/ros/humble /usr/bin/cmake --build /home/yundali/Arm_Project_WS/src/build/soarm_scripts -- -j8 -l8
[4.226s] DEBUG:colcon.colcon_core.event_handler.log_command:Invoked command in '/home/yundali/Arm_Project_WS/src/build/soarm_description' returned '0': CMAKE_PREFIX_PATH=${CMAKE_PREFIX_PATH}:/opt/ros/humble /usr/bin/cmake /home/yundali/Arm_Project_WS/src/soarm_description -DCMAKE_INSTALL_PREFIX=/home/yundali/Arm_Project_WS/src/install/soarm_description
[4.228s] DEBUG:colcon.colcon_core.event_handler.log_command:Invoking command in '/home/yundali/Arm_Project_WS/src/build/soarm_description': CMAKE_PREFIX_PATH=${CMAKE_PREFIX_PATH}:/opt/ros/humble /usr/bin/cmake --build /home/yundali/Arm_Project_WS/src/build/soarm_description -- -j8 -l8
[4.276s] DEBUG:colcon.colcon_core.event_handler.log_command:Invoked command in '/home/yundali/Arm_Project_WS/src/build/soarm_description' returned '0': CMAKE_PREFIX_PATH=${CMAKE_PREFIX_PATH}:/opt/ros/humble /usr/bin/cmake --build /home/yundali/Arm_Project_WS/src/build/soarm_description -- -j8 -l8
[4.290s] DEBUG:colcon.colcon_core.event_handler.log_command:Invoking command in '/home/yundali/Arm_Project_WS/src/build/soarm_description': CMAKE_PREFIX_PATH=${CMAKE_PREFIX_PATH}:/opt/ros/humble /usr/bin/cmake --install /home/yundali/Arm_Project_WS/src/build/soarm_description
[4.292s] DEBUG:colcon.colcon_core.event_handler.log_command:Invoked command in '/home/yundali/Arm_Project_WS/src/build/soarm_scripts' returned '0': CMAKE_PREFIX_PATH=${CMAKE_PREFIX_PATH}:/opt/ros/humble /usr/bin/cmake --build /home/yundali/Arm_Project_WS/src/build/soarm_scripts -- -j8 -l8
[4.294s] DEBUG:colcon.colcon_core.event_handler.log_command:Invoking command in '/home/yundali/Arm_Project_WS/src/build/soarm_scripts': CMAKE_PREFIX_PATH=${CMAKE_PREFIX_PATH}:/opt/ros/humble /usr/bin/cmake --install /home/yundali/Arm_Project_WS/src/build/soarm_scripts
[4.308s] Level 1:colcon.colcon_core.environment:create_environment_scripts_only(soarm_scripts)
[4.308s] DEBUG:colcon.colcon_core.event_handler.log_command:Invoked command in '/home/yundali/Arm_Project_WS/src/build/soarm_scripts' returned '0': CMAKE_PREFIX_PATH=${CMAKE_PREFIX_PATH}:/opt/ros/humble /usr/bin/cmake --install /home/yundali/Arm_Project_WS/src/build/soarm_scripts
[4.480s] Level 1:colcon.colcon_core.environment:checking '/home/yundali/Arm_Project_WS/src/install/soarm_scripts' for CMake module files
[4.481s] Level 1:colcon.colcon_core.environment:checking '/home/yundali/Arm_Project_WS/src/install/soarm_scripts' for CMake config files
[4.481s] Level 1:colcon.colcon_core.shell:create_environment_hook('soarm_scripts', 'cmake_prefix_path')
[4.481s] INFO:colcon.colcon_core.shell:Creating environment hook '/home/yundali/Arm_Project_WS/src/install/soarm_scripts/share/soarm_scripts/hook/cmake_prefix_path.ps1'
[4.513s] INFO:colcon.colcon_core.shell:Creating environment descriptor '/home/yundali/Arm_Project_WS/src/install/soarm_scripts/share/soarm_scripts/hook/cmake_prefix_path.dsv'
[4.547s] INFO:colcon.colcon_core.shell:Creating environment hook '/home/yundali/Arm_Project_WS/src/install/soarm_scripts/share/soarm_scripts/hook/cmake_prefix_path.sh'
[4.550s] Level 1:colcon.colcon_core.environment:checking '/home/yundali/Arm_Project_WS/src/install/soarm_scripts/bin'
[4.550s] Level 1:colcon.colcon_core.environment:checking '/home/yundali/Arm_Project_WS/src/install/soarm_scripts/lib/pkgconfig/soarm_scripts.pc'
[4.550s] Level 1:colcon.colcon_core.environment:checking '/home/yundali/Arm_Project_WS/src/install/soarm_scripts/lib/python3.10/site-packages'
[4.551s] Level 1:colcon.colcon_core.environment:checking '/home/yundali/Arm_Project_WS/src/install/soarm_scripts/bin'
[4.551s] INFO:colcon.colcon_core.shell:Creating package script '/home/yundali/Arm_Project_WS/src/install/soarm_scripts/share/soarm_scripts/package.ps1'
[4.557s] INFO:colcon.colcon_core.shell:Creating package descriptor '/home/yundali/Arm_Project_WS/src/install/soarm_scripts/share/soarm_scripts/package.dsv'
[4.576s] INFO:colcon.colcon_core.shell:Creating package script '/home/yundali/Arm_Project_WS/src/install/soarm_scripts/share/soarm_scripts/package.sh'
[4.580s] INFO:colcon.colcon_core.shell:Creating package script '/home/yundali/Arm_Project_WS/src/install/soarm_scripts/share/soarm_scripts/package.bash'
[4.610s] INFO:colcon.colcon_core.shell:Creating package script '/home/yundali/Arm_Project_WS/src/install/soarm_scripts/share/soarm_scripts/package.zsh'
[4.656s] Level 1:colcon.colcon_core.environment:create_file_with_runtime_dependencies(/home/yundali/Arm_Project_WS/src/install/soarm_scripts/share/colcon-core/packages/soarm_scripts)
[4.657s] Level 1:colcon.colcon_core.environment:create_environment_scripts_only(soarm_scripts)
[4.657s] Level 1:colcon.colcon_core.environment:checking '/home/yundali/Arm_Project_WS/src/install/soarm_scripts' for CMake module files
[4.658s] Level 1:colcon.colcon_core.environment:checking '/home/yundali/Arm_Project_WS/src/install/soarm_scripts' for CMake config files
[4.658s] Level 1:colcon.colcon_core.shell:create_environment_hook('soarm_scripts', 'cmake_prefix_path')
[4.658s] INFO:colcon.colcon_core.shell:Creating environment hook '/home/yundali/Arm_Project_WS/src/install/soarm_scripts/share/soarm_scripts/hook/cmake_prefix_path.ps1'
[4.659s] INFO:colcon.colcon_core.shell:Creating environment descriptor '/home/yundali/Arm_Project_WS/src/install/soarm_scripts/share/soarm_scripts/hook/cmake_prefix_path.dsv'
[4.659s] INFO:colcon.colcon_core.shell:Creating environment hook '/home/yundali/Arm_Project_WS/src/install/soarm_scripts/share/soarm_scripts/hook/cmake_prefix_path.sh'
[4.660s] Level 1:colcon.colcon_core.environment:checking '/home/yundali/Arm_Project_WS/src/install/soarm_scripts/bin'
[4.660s] Level 1:colcon.colcon_core.environment:checking '/home/yundali/Arm_Project_WS/src/install/soarm_scripts/lib/pkgconfig/soarm_scripts.pc'
[4.660s] Level 1:colcon.colcon_core.environment:checking '/home/yundali/Arm_Project_WS/src/install/soarm_scripts/lib/python3.10/site-packages'
[4.660s] Level 1:colcon.colcon_core.environment:checking '/home/yundali/Arm_Project_WS/src/install/soarm_scripts/bin'
[4.660s] INFO:colcon.colcon_core.shell:Creating package script '/home/yundali/Arm_Project_WS/src/install/soarm_scripts/share/soarm_scripts/package.ps1'
[4.661s] INFO:colcon.colcon_core.shell:Creating package descriptor '/home/yundali/Arm_Project_WS/src/install/soarm_scripts/share/soarm_scripts/package.dsv'
[4.662s] INFO:colcon.colcon_core.shell:Creating package script '/home/yundali/Arm_Project_WS/src/install/soarm_scripts/share/soarm_scripts/package.sh'
[4.662s] INFO:colcon.colcon_core.shell:Creating package script '/home/yundali/Arm_Project_WS/src/install/soarm_scripts/share/soarm_scripts/package.bash'
[4.663s] INFO:colcon.colcon_core.shell:Creating package script '/home/yundali/Arm_Project_WS/src/install/soarm_scripts/share/soarm_scripts/package.zsh'
[4.663s] Level 1:colcon.colcon_core.environment:create_file_with_runtime_dependencies(/home/yundali/Arm_Project_WS/src/install/soarm_scripts/share/colcon-core/packages/soarm_scripts)
[6.311s] Level 1:colcon.colcon_core.environment:create_environment_scripts_only(soarm_description)
[6.312s] Level 1:colcon.colcon_core.environment:checking '/home/yundali/Arm_Project_WS/src/install/soarm_description' for CMake module files
[6.312s] DEBUG:colcon.colcon_core.event_handler.log_command:Invoked command in '/home/yundali/Arm_Project_WS/src/build/soarm_description' returned '0': CMAKE_PREFIX_PATH=${CMAKE_PREFIX_PATH}:/opt/ros/humble /usr/bin/cmake --install /home/yundali/Arm_Project_WS/src/build/soarm_description
[6.313s] Level 1:colcon.colcon_core.environment:checking '/home/yundali/Arm_Project_WS/src/install/soarm_description' for CMake config files
[6.313s] Level 1:colcon.colcon_core.shell:create_environment_hook('soarm_description', 'cmake_prefix_path')
[6.313s] INFO:colcon.colcon_core.shell:Creating environment hook '/home/yundali/Arm_Project_WS/src/install/soarm_description/share/soarm_description/hook/cmake_prefix_path.ps1'
[6.314s] INFO:colcon.colcon_core.shell:Creating environment descriptor '/home/yundali/Arm_Project_WS/src/install/soarm_description/share/soarm_description/hook/cmake_prefix_path.dsv'
[6.314s] INFO:colcon.colcon_core.shell:Creating environment hook '/home/yundali/Arm_Project_WS/src/install/soarm_description/share/soarm_description/hook/cmake_prefix_path.sh'
[6.315s] Level 1:colcon.colcon_core.environment:checking '/home/yundali/Arm_Project_WS/src/install/soarm_description/bin'
[6.315s] Level 1:colcon.colcon_core.environment:checking '/home/yundali/Arm_Project_WS/src/install/soarm_description/lib/pkgconfig/soarm_description.pc'
[6.315s] Level 1:colcon.colcon_core.environment:checking '/home/yundali/Arm_Project_WS/src/install/soarm_description/lib/python3.10/site-packages'
[6.316s] Level 1:colcon.colcon_core.environment:checking '/home/yundali/Arm_Project_WS/src/install/soarm_description/bin'
[6.316s] INFO:colcon.colcon_core.shell:Creating package script '/home/yundali/Arm_Project_WS/src/install/soarm_description/share/soarm_description/package.ps1'
[6.317s] INFO:colcon.colcon_core.shell:Creating package descriptor '/home/yundali/Arm_Project_WS/src/install/soarm_description/share/soarm_description/package.dsv'
[6.317s] INFO:colcon.colcon_core.shell:Creating package script '/home/yundali/Arm_Project_WS/src/install/soarm_description/share/soarm_description/package.sh'
[6.317s] INFO:colcon.colcon_core.shell:Creating package script '/home/yundali/Arm_Project_WS/src/install/soarm_description/share/soarm_description/package.bash'
[6.318s] INFO:colcon.colcon_core.shell:Creating package script '/home/yundali/Arm_Project_WS/src/install/soarm_description/share/soarm_description/package.zsh'
[6.318s] Level 1:colcon.colcon_core.environment:create_file_with_runtime_dependencies(/home/yundali/Arm_Project_WS/src/install/soarm_description/share/colcon-core/packages/soarm_description)
[6.319s] Level 1:colcon.colcon_core.environment:create_environment_scripts_only(soarm_description)
[6.319s] Level 1:colcon.colcon_core.environment:checking '/home/yundali/Arm_Project_WS/src/install/soarm_description' for CMake module files
[6.320s] Level 1:colcon.colcon_core.environment:checking '/home/yundali/Arm_Project_WS/src/install/soarm_description' for CMake config files
[6.320s] Level 1:colcon.colcon_core.shell:create_environment_hook('soarm_description', 'cmake_prefix_path')
[6.320s] INFO:colcon.colcon_core.shell:Creating environment hook '/home/yundali/Arm_Project_WS/src/install/soarm_description/share/soarm_description/hook/cmake_prefix_path.ps1'
[6.321s] INFO:colcon.colcon_core.shell:Creating environment descriptor '/home/yundali/Arm_Project_WS/src/install/soarm_description/share/soarm_description/hook/cmake_prefix_path.dsv'
[6.321s] INFO:colcon.colcon_core.shell:Creating environment hook '/home/yundali/Arm_Project_WS/src/install/soarm_description/share/soarm_description/hook/cmake_prefix_path.sh'
[6.322s] Level 1:colcon.colcon_core.environment:checking '/home/yundali/Arm_Project_WS/src/install/soarm_description/bin'
[6.322s] Level 1:colcon.colcon_core.environment:checking '/home/yundali/Arm_Project_WS/src/install/soarm_description/lib/pkgconfig/soarm_description.pc'
[6.322s] Level 1:colcon.colcon_core.environment:checking '/home/yundali/Arm_Project_WS/src/install/soarm_description/lib/python3.10/site-packages'
[6.322s] Level 1:colcon.colcon_core.environment:checking '/home/yundali/Arm_Project_WS/src/install/soarm_description/bin'
[6.323s] INFO:colcon.colcon_core.shell:Creating package script '/home/yundali/Arm_Project_WS/src/install/soarm_description/share/soarm_description/package.ps1'
[6.323s] INFO:colcon.colcon_core.shell:Creating package descriptor '/home/yundali/Arm_Project_WS/src/install/soarm_description/share/soarm_description/package.dsv'
[6.324s] INFO:colcon.colcon_core.shell:Creating package script '/home/yundali/Arm_Project_WS/src/install/soarm_description/share/soarm_description/package.sh'
[6.324s] INFO:colcon.colcon_core.shell:Creating package script '/home/yundali/Arm_Project_WS/src/install/soarm_description/share/soarm_description/package.bash'
[6.324s] INFO:colcon.colcon_core.shell:Creating package script '/home/yundali/Arm_Project_WS/src/install/soarm_description/share/soarm_description/package.zsh'
[6.325s] Level 1:colcon.colcon_core.environment:create_file_with_runtime_dependencies(/home/yundali/Arm_Project_WS/src/install/soarm_description/share/colcon-core/packages/soarm_description)
[7.852s] DEBUG:colcon.colcon_core.event_handler.log_command:Invoked command in '/home/yundali/Arm_Project_WS/src/build/feetech_ros2_driver' returned '0': CMAKE_PREFIX_PATH=${CMAKE_PREFIX_PATH}:/opt/ros/humble /usr/bin/cmake /home/yundali/Arm_Project_WS/src/feetech_ros2_driver -DCMAKE_INSTALL_PREFIX=/home/yundali/Arm_Project_WS/src/install/feetech_ros2_driver
[7.854s] DEBUG:colcon.colcon_core.event_handler.log_command:Invoking command in '/home/yundali/Arm_Project_WS/src/build/feetech_ros2_driver': CMAKE_PREFIX_PATH=${CMAKE_PREFIX_PATH}:/opt/ros/humble /usr/bin/cmake --build /home/yundali/Arm_Project_WS/src/build/feetech_ros2_driver -- -j8 -l8
[8.065s] DEBUG:colcon.colcon_core.event_handler.log_command:Invoked command in '/home/yundali/Arm_Project_WS/src/build/soarm_controller' returned '0': CMAKE_PREFIX_PATH=${CMAKE_PREFIX_PATH}:/opt/ros/humble /usr/bin/cmake /home/yundali/Arm_Project_WS/src/soarm_controller -DCMAKE_INSTALL_PREFIX=/home/yundali/Arm_Project_WS/src/install/soarm_controller
[8.067s] DEBUG:colcon.colcon_core.event_handler.log_command:Invoking command in '/home/yundali/Arm_Project_WS/src/build/soarm_controller': CMAKE_PREFIX_PATH=${CMAKE_PREFIX_PATH}:/opt/ros/humble /usr/bin/cmake --build /home/yundali/Arm_Project_WS/src/build/soarm_controller -- -j8 -l8
[8.116s] DEBUG:colcon.colcon_core.event_handler.log_command:Invoked command in '/home/yundali/Arm_Project_WS/src/build/soarm_controller' returned '0': CMAKE_PREFIX_PATH=${CMAKE_PREFIX_PATH}:/opt/ros/humble /usr/bin/cmake --build /home/yundali/Arm_Project_WS/src/build/soarm_controller -- -j8 -l8
[8.118s] DEBUG:colcon.colcon_core.event_handler.log_command:Invoking command in '/home/yundali/Arm_Project_WS/src/build/soarm_controller': CMAKE_PREFIX_PATH=${CMAKE_PREFIX_PATH}:/opt/ros/humble /usr/bin/cmake --install /home/yundali/Arm_Project_WS/src/build/soarm_controller
[8.134s] Level 1:colcon.colcon_core.environment:create_environment_scripts_only(soarm_controller)
[8.134s] Level 1:colcon.colcon_core.environment:checking '/home/yundali/Arm_Project_WS/src/install/soarm_controller' for CMake module files
[8.135s] DEBUG:colcon.colcon_core.event_handler.log_command:Invoked command in '/home/yundali/Arm_Project_WS/src/build/soarm_controller' returned '0': CMAKE_PREFIX_PATH=${CMAKE_PREFIX_PATH}:/opt/ros/humble /usr/bin/cmake --install /home/yundali/Arm_Project_WS/src/build/soarm_controller
[8.135s] Level 1:colcon.colcon_core.environment:checking '/home/yundali/Arm_Project_WS/src/install/soarm_controller' for CMake config files
[8.135s] Level 1:colcon.colcon_core.shell:create_environment_hook('soarm_controller', 'cmake_prefix_path')
[8.135s] INFO:colcon.colcon_core.shell:Creating environment hook '/home/yundali/Arm_Project_WS/src/install/soarm_controller/share/soarm_controller/hook/cmake_prefix_path.ps1'
[8.136s] INFO:colcon.colcon_core.shell:Creating environment descriptor '/home/yundali/Arm_Project_WS/src/install/soarm_controller/share/soarm_controller/hook/cmake_prefix_path.dsv'
[8.136s] INFO:colcon.colcon_core.shell:Creating environment hook '/home/yundali/Arm_Project_WS/src/install/soarm_controller/share/soarm_controller/hook/cmake_prefix_path.sh'
[8.137s] Level 1:colcon.colcon_core.environment:checking '/home/yundali/Arm_Project_WS/src/install/soarm_controller/bin'
[8.137s] Level 1:colcon.colcon_core.environment:checking '/home/yundali/Arm_Project_WS/src/install/soarm_controller/lib/pkgconfig/soarm_controller.pc'
[8.137s] Level 1:colcon.colcon_core.environment:checking '/home/yundali/Arm_Project_WS/src/install/soarm_controller/lib/python3.10/site-packages'
[8.137s] Level 1:colcon.colcon_core.environment:checking '/home/yundali/Arm_Project_WS/src/install/soarm_controller/bin'
[8.138s] INFO:colcon.colcon_core.shell:Creating package script '/home/yundali/Arm_Project_WS/src/install/soarm_controller/share/soarm_controller/package.ps1'
[8.138s] INFO:colcon.colcon_core.shell:Creating package descriptor '/home/yundali/Arm_Project_WS/src/install/soarm_controller/share/soarm_controller/package.dsv'
[8.139s] INFO:colcon.colcon_core.shell:Creating package script '/home/yundali/Arm_Project_WS/src/install/soarm_controller/share/soarm_controller/package.sh'
[8.139s] INFO:colcon.colcon_core.shell:Creating package script '/home/yundali/Arm_Project_WS/src/install/soarm_controller/share/soarm_controller/package.bash'
[8.139s] INFO:colcon.colcon_core.shell:Creating package script '/home/yundali/Arm_Project_WS/src/install/soarm_controller/share/soarm_controller/package.zsh'
[8.140s] Level 1:colcon.colcon_core.environment:create_file_with_runtime_dependencies(/home/yundali/Arm_Project_WS/src/install/soarm_controller/share/colcon-core/packages/soarm_controller)
[8.140s] Level 1:colcon.colcon_core.environment:create_environment_scripts_only(soarm_controller)
[8.141s] Level 1:colcon.colcon_core.environment:checking '/home/yundali/Arm_Project_WS/src/install/soarm_controller' for CMake module files
[8.141s] Level 1:colcon.colcon_core.environment:checking '/home/yundali/Arm_Project_WS/src/install/soarm_controller' for CMake config files
[8.141s] Level 1:colcon.colcon_core.shell:create_environment_hook('soarm_controller', 'cmake_prefix_path')
[8.141s] INFO:colcon.colcon_core.shell:Creating environment hook '/home/yundali/Arm_Project_WS/src/install/soarm_controller/share/soarm_controller/hook/cmake_prefix_path.ps1'
[8.142s] INFO:colcon.colcon_core.shell:Creating environment descriptor '/home/yundali/Arm_Project_WS/src/install/soarm_controller/share/soarm_controller/hook/cmake_prefix_path.dsv'
[8.142s] INFO:colcon.colcon_core.shell:Creating environment hook '/home/yundali/Arm_Project_WS/src/install/soarm_controller/share/soarm_controller/hook/cmake_prefix_path.sh'
[8.143s] Level 1:colcon.colcon_core.environment:checking '/home/yundali/Arm_Project_WS/src/install/soarm_controller/bin'
[8.143s] Level 1:colcon.colcon_core.environment:checking '/home/yundali/Arm_Project_WS/src/install/soarm_controller/lib/pkgconfig/soarm_controller.pc'
[8.143s] Level 1:colcon.colcon_core.environment:checking '/home/yundali/Arm_Project_WS/src/install/soarm_controller/lib/python3.10/site-packages'
[8.144s] Level 1:colcon.colcon_core.environment:checking '/home/yundali/Arm_Project_WS/src/install/soarm_controller/bin'
[8.144s] INFO:colcon.colcon_core.shell:Creating package script '/home/yundali/Arm_Project_WS/src/install/soarm_controller/share/soarm_controller/package.ps1'
[8.144s] INFO:colcon.colcon_core.shell:Creating package descriptor '/home/yundali/Arm_Project_WS/src/install/soarm_controller/share/soarm_controller/package.dsv'
[8.145s] INFO:colcon.colcon_core.shell:Creating package script '/home/yundali/Arm_Project_WS/src/install/soarm_controller/share/soarm_controller/package.sh'
[8.146s] INFO:colcon.colcon_core.shell:Creating package script '/home/yundali/Arm_Project_WS/src/install/soarm_controller/share/soarm_controller/package.bash'
[8.147s] INFO:colcon.colcon_core.shell:Creating package script '/home/yundali/Arm_Project_WS/src/install/soarm_controller/share/soarm_controller/package.zsh'
[8.147s] Level 1:colcon.colcon_core.environment:create_file_with_runtime_dependencies(/home/yundali/Arm_Project_WS/src/install/soarm_controller/share/colcon-core/packages/soarm_controller)
[28.534s] DEBUG:colcon.colcon_core.event_handler.log_command:Invoked command in '/home/yundali/Arm_Project_WS/src/build/feetech_ros2_driver' returned '0': CMAKE_PREFIX_PATH=${CMAKE_PREFIX_PATH}:/opt/ros/humble /usr/bin/cmake --build /home/yundali/Arm_Project_WS/src/build/feetech_ros2_driver -- -j8 -l8
[28.536s] DEBUG:colcon.colcon_core.event_handler.log_command:Invoking command in '/home/yundali/Arm_Project_WS/src/build/feetech_ros2_driver': CMAKE_PREFIX_PATH=${CMAKE_PREFIX_PATH}:/opt/ros/humble /usr/bin/cmake --install /home/yundali/Arm_Project_WS/src/build/feetech_ros2_driver
[28.564s] Level 1:colcon.colcon_core.environment:create_environment_scripts_only(feetech_ros2_driver)
[28.564s] Level 1:colcon.colcon_core.environment:checking '/home/yundali/Arm_Project_WS/src/install/feetech_ros2_driver' for CMake module files
[28.565s] DEBUG:colcon.colcon_core.event_handler.log_command:Invoked command in '/home/yundali/Arm_Project_WS/src/build/feetech_ros2_driver' returned '0': CMAKE_PREFIX_PATH=${CMAKE_PREFIX_PATH}:/opt/ros/humble /usr/bin/cmake --install /home/yundali/Arm_Project_WS/src/build/feetech_ros2_driver
[28.565s] Level 1:colcon.colcon_core.environment:checking '/home/yundali/Arm_Project_WS/src/install/feetech_ros2_driver' for CMake config files
[28.565s] Level 1:colcon.colcon_core.shell:create_environment_hook('feetech_ros2_driver', 'cmake_prefix_path')
[28.565s] INFO:colcon.colcon_core.shell:Creating environment hook '/home/yundali/Arm_Project_WS/src/install/feetech_ros2_driver/share/feetech_ros2_driver/hook/cmake_prefix_path.ps1'
[28.566s] INFO:colcon.colcon_core.shell:Creating environment descriptor '/home/yundali/Arm_Project_WS/src/install/feetech_ros2_driver/share/feetech_ros2_driver/hook/cmake_prefix_path.dsv'
[28.566s] INFO:colcon.colcon_core.shell:Creating environment hook '/home/yundali/Arm_Project_WS/src/install/feetech_ros2_driver/share/feetech_ros2_driver/hook/cmake_prefix_path.sh'
[28.567s] Level 1:colcon.colcon_core.environment:checking '/home/yundali/Arm_Project_WS/src/install/feetech_ros2_driver/lib'
[28.567s] Level 1:colcon.colcon_core.shell:create_environment_hook('feetech_ros2_driver', 'ld_library_path_lib')
[28.567s] INFO:colcon.colcon_core.shell:Creating environment hook '/home/yundali/Arm_Project_WS/src/install/feetech_ros2_driver/share/feetech_ros2_driver/hook/ld_library_path_lib.ps1'
[28.568s] INFO:colcon.colcon_core.shell:Creating environment descriptor '/home/yundali/Arm_Project_WS/src/install/feetech_ros2_driver/share/feetech_ros2_driver/hook/ld_library_path_lib.dsv'
[28.568s] INFO:colcon.colcon_core.shell:Creating environment hook '/home/yundali/Arm_Project_WS/src/install/feetech_ros2_driver/share/feetech_ros2_driver/hook/ld_library_path_lib.sh'
[28.568s] Level 1:colcon.colcon_core.environment:checking '/home/yundali/Arm_Project_WS/src/install/feetech_ros2_driver/bin'
[28.568s] Level 1:colcon.colcon_core.shell:create_environment_hook('feetech_ros2_driver', 'path')
[28.569s] INFO:colcon.colcon_core.shell:Creating environment hook '/home/yundali/Arm_Project_WS/src/install/feetech_ros2_driver/share/feetech_ros2_driver/hook/path.ps1'
[28.569s] INFO:colcon.colcon_core.shell:Creating environment descriptor '/home/yundali/Arm_Project_WS/src/install/feetech_ros2_driver/share/feetech_ros2_driver/hook/path.dsv'
[28.569s] INFO:colcon.colcon_core.shell:Creating environment hook '/home/yundali/Arm_Project_WS/src/install/feetech_ros2_driver/share/feetech_ros2_driver/hook/path.sh'
[28.570s] Level 1:colcon.colcon_core.environment:checking '/home/yundali/Arm_Project_WS/src/install/feetech_ros2_driver/lib/pkgconfig/feetech_ros2_driver.pc'
[28.570s] Level 1:colcon.colcon_core.environment:checking '/home/yundali/Arm_Project_WS/src/install/feetech_ros2_driver/lib/python3.10/site-packages'
[28.570s] Level 1:colcon.colcon_core.environment:checking '/home/yundali/Arm_Project_WS/src/install/feetech_ros2_driver/bin'
[28.570s] Level 1:colcon.colcon_core.shell:create_environment_hook('feetech_ros2_driver', 'pythonscriptspath')
[28.571s] INFO:colcon.colcon_core.shell:Creating environment hook '/home/yundali/Arm_Project_WS/src/install/feetech_ros2_driver/share/feetech_ros2_driver/hook/pythonscriptspath.ps1'
[28.571s] INFO:colcon.colcon_core.shell:Creating environment descriptor '/home/yundali/Arm_Project_WS/src/install/feetech_ros2_driver/share/feetech_ros2_driver/hook/pythonscriptspath.dsv'
[28.571s] INFO:colcon.colcon_core.shell:Creating environment hook '/home/yundali/Arm_Project_WS/src/install/feetech_ros2_driver/share/feetech_ros2_driver/hook/pythonscriptspath.sh'
[28.572s] INFO:colcon.colcon_core.shell:Creating package script '/home/yundali/Arm_Project_WS/src/install/feetech_ros2_driver/share/feetech_ros2_driver/package.ps1'
[28.572s] INFO:colcon.colcon_core.shell:Creating package descriptor '/home/yundali/Arm_Project_WS/src/install/feetech_ros2_driver/share/feetech_ros2_driver/package.dsv'
[28.573s] INFO:colcon.colcon_core.shell:Creating package script '/home/yundali/Arm_Project_WS/src/install/feetech_ros2_driver/share/feetech_ros2_driver/package.sh'
[28.574s] INFO:colcon.colcon_core.shell:Creating package script '/home/yundali/Arm_Project_WS/src/install/feetech_ros2_driver/share/feetech_ros2_driver/package.bash'
[28.574s] INFO:colcon.colcon_core.shell:Creating package script '/home/yundali/Arm_Project_WS/src/install/feetech_ros2_driver/share/feetech_ros2_driver/package.zsh'
[28.574s] Level 1:colcon.colcon_core.environment:create_file_with_runtime_dependencies(/home/yundali/Arm_Project_WS/src/install/feetech_ros2_driver/share/colcon-core/packages/feetech_ros2_driver)
[28.575s] Level 1:colcon.colcon_core.environment:create_environment_scripts_only(feetech_ros2_driver)
[28.575s] Level 1:colcon.colcon_core.environment:checking '/home/yundali/Arm_Project_WS/src/install/feetech_ros2_driver' for CMake module files
[28.576s] Level 1:colcon.colcon_core.environment:checking '/home/yundali/Arm_Project_WS/src/install/feetech_ros2_driver' for CMake config files
[28.576s] Level 1:colcon.colcon_core.shell:create_environment_hook('feetech_ros2_driver', 'cmake_prefix_path')
[28.576s] INFO:colcon.colcon_core.shell:Creating environment hook '/home/yundali/Arm_Project_WS/src/install/feetech_ros2_driver/share/feetech_ros2_driver/hook/cmake_prefix_path.ps1'
[28.577s] INFO:colcon.colcon_core.shell:Creating environment descriptor '/home/yundali/Arm_Project_WS/src/install/feetech_ros2_driver/share/feetech_ros2_driver/hook/cmake_prefix_path.dsv'
[28.577s] INFO:colcon.colcon_core.shell:Creating environment hook '/home/yundali/Arm_Project_WS/src/install/feetech_ros2_driver/share/feetech_ros2_driver/hook/cmake_prefix_path.sh'
[28.578s] Level 1:colcon.colcon_core.environment:checking '/home/yundali/Arm_Project_WS/src/install/feetech_ros2_driver/lib'
[28.578s] Level 1:colcon.colcon_core.shell:create_environment_hook('feetech_ros2_driver', 'ld_library_path_lib')
[28.579s] INFO:colcon.colcon_core.shell:Creating environment hook '/home/yundali/Arm_Project_WS/src/install/feetech_ros2_driver/share/feetech_ros2_driver/hook/ld_library_path_lib.ps1'
[28.579s] INFO:colcon.colcon_core.shell:Creating environment descriptor '/home/yundali/Arm_Project_WS/src/install/feetech_ros2_driver/share/feetech_ros2_driver/hook/ld_library_path_lib.dsv'
[28.580s] INFO:colcon.colcon_core.shell:Creating environment hook '/home/yundali/Arm_Project_WS/src/install/feetech_ros2_driver/share/feetech_ros2_driver/hook/ld_library_path_lib.sh'
[28.580s] Level 1:colcon.colcon_core.environment:checking '/home/yundali/Arm_Project_WS/src/install/feetech_ros2_driver/bin'
[28.580s] Level 1:colcon.colcon_core.shell:create_environment_hook('feetech_ros2_driver', 'path')
[28.581s] INFO:colcon.colcon_core.shell:Creating environment hook '/home/yundali/Arm_Project_WS/src/install/feetech_ros2_driver/share/feetech_ros2_driver/hook/path.ps1'
[28.581s] INFO:colcon.colcon_core.shell:Creating environment descriptor '/home/yundali/Arm_Project_WS/src/install/feetech_ros2_driver/share/feetech_ros2_driver/hook/path.dsv'
[28.581s] INFO:colcon.colcon_core.shell:Creating environment hook '/home/yundali/Arm_Project_WS/src/install/feetech_ros2_driver/share/feetech_ros2_driver/hook/path.sh'
[28.582s] Level 1:colcon.colcon_core.environment:checking '/home/yundali/Arm_Project_WS/src/install/feetech_ros2_driver/lib/pkgconfig/feetech_ros2_driver.pc'
[28.582s] Level 1:colcon.colcon_core.environment:checking '/home/yundali/Arm_Project_WS/src/install/feetech_ros2_driver/lib/python3.10/site-packages'
[28.582s] Level 1:colcon.colcon_core.environment:checking '/home/yundali/Arm_Project_WS/src/install/feetech_ros2_driver/bin'
[28.582s] Level 1:colcon.colcon_core.shell:create_environment_hook('feetech_ros2_driver', 'pythonscriptspath')
[28.583s] INFO:colcon.colcon_core.shell:Creating environment hook '/home/yundali/Arm_Project_WS/src/install/feetech_ros2_driver/share/feetech_ros2_driver/hook/pythonscriptspath.ps1'
[28.583s] INFO:colcon.colcon_core.shell:Creating environment descriptor '/home/yundali/Arm_Project_WS/src/install/feetech_ros2_driver/share/feetech_ros2_driver/hook/pythonscriptspath.dsv'
[28.583s] INFO:colcon.colcon_core.shell:Creating environment hook '/home/yundali/Arm_Project_WS/src/install/feetech_ros2_driver/share/feetech_ros2_driver/hook/pythonscriptspath.sh'
[28.584s] INFO:colcon.colcon_core.shell:Creating package script '/home/yundali/Arm_Project_WS/src/install/feetech_ros2_driver/share/feetech_ros2_driver/package.ps1'
[28.585s] INFO:colcon.colcon_core.shell:Creating package descriptor '/home/yundali/Arm_Project_WS/src/install/feetech_ros2_driver/share/feetech_ros2_driver/package.dsv'
[28.586s] INFO:colcon.colcon_core.shell:Creating package script '/home/yundali/Arm_Project_WS/src/install/feetech_ros2_driver/share/feetech_ros2_driver/package.sh'
[28.586s] INFO:colcon.colcon_core.shell:Creating package script '/home/yundali/Arm_Project_WS/src/install/feetech_ros2_driver/share/feetech_ros2_driver/package.bash'
[28.587s] INFO:colcon.colcon_core.shell:Creating package script '/home/yundali/Arm_Project_WS/src/install/feetech_ros2_driver/share/feetech_ros2_driver/package.zsh'
[28.587s] Level 1:colcon.colcon_core.environment:create_file_with_runtime_dependencies(/home/yundali/Arm_Project_WS/src/install/feetech_ros2_driver/share/colcon-core/packages/feetech_ros2_driver)
[28.588s] DEBUG:colcon.colcon_parallel_executor.executor.parallel:closing loop
[28.588s] DEBUG:colcon.colcon_parallel_executor.executor.parallel:loop closed
[28.588s] DEBUG:colcon.colcon_parallel_executor.executor.parallel:run_until_complete finished with '0'
[28.588s] DEBUG:colcon.colcon_core.event_reactor:joining thread
[28.621s] INFO:colcon.colcon_core.plugin_system:Skipping extension 'colcon_notification.desktop_notification.terminal_notifier': Not used on non-Darwin systems
[28.621s] INFO:colcon.colcon_core.plugin_system:Skipping extension 'colcon_notification.desktop_notification.win32': Not used on non-Windows systems
[28.621s] INFO:colcon.colcon_notification.desktop_notification:Sending desktop notification using 'notify2'
[28.638s] DEBUG:colcon.colcon_core.event_reactor:joined thread
[28.638s] INFO:colcon.colcon_core.shell:Creating prefix script '/home/yundali/Arm_Project_WS/src/install/local_setup.ps1'
[28.655s] INFO:colcon.colcon_core.shell:Creating prefix util module '/home/yundali/Arm_Project_WS/src/install/_local_setup_util_ps1.py'
[28.690s] INFO:colcon.colcon_core.shell:Creating prefix chain script '/home/yundali/Arm_Project_WS/src/install/setup.ps1'
[28.692s] INFO:colcon.colcon_core.shell:Creating prefix script '/home/yundali/Arm_Project_WS/src/install/local_setup.sh'
[28.693s] INFO:colcon.colcon_core.shell:Creating prefix util module '/home/yundali/Arm_Project_WS/src/install/_local_setup_util_sh.py'
[28.694s] INFO:colcon.colcon_core.shell:Creating prefix chain script '/home/yundali/Arm_Project_WS/src/install/setup.sh'
[28.695s] INFO:colcon.colcon_core.shell:Creating prefix script '/home/yundali/Arm_Project_WS/src/install/local_setup.bash'
[28.718s] INFO:colcon.colcon_core.shell:Creating prefix chain script '/home/yundali/Arm_Project_WS/src/install/setup.bash'
[28.720s] INFO:colcon.colcon_core.shell:Creating prefix script '/home/yundali/Arm_Project_WS/src/install/local_setup.zsh'
[28.739s] INFO:colcon.colcon_core.shell:Creating prefix chain script '/home/yundali/Arm_Project_WS/src/install/setup.zsh'
