[0.127s] DEBUG:colcon:Command line arguments: ['/usr/bin/colcon', 'build', '--packages-up-to', 'feetech_ros2_driver']
[0.127s] DEBUG:colcon:Parsed command line arguments: Namespace(log_base=None, log_level=None, verb_name='build', build_base='build', install_base='install', merge_install=False, symlink_install=False, test_result_base=None, continue_on_error=False, executor='parallel', parallel_workers=8, event_handlers=None, ignore_user_meta=False, metas=['./colcon.meta'], base_paths=['.'], packages_ignore=None, packages_ignore_regex=None, paths=None, packages_up_to=['feetech_ros2_driver'], packages_up_to_regex=None, packages_above=None, packages_above_and_dependencies=None, packages_above_depth=None, packages_select_by_dep=None, packages_skip_by_dep=None, packages_skip_up_to=None, packages_select_build_failed=False, packages_skip_build_finished=False, packages_select_test_failures=False, packages_skip_test_passed=False, packages_select=None, packages_skip=None, packages_select_regex=None, packages_skip_regex=None, packages_start=None, packages_end=None, allow_overriding=[], cmake_args=None, cmake_target=None, cmake_target_skip_unavailable=False, cmake_clean_cache=False, cmake_clean_first=False, cmake_force_configure=False, ament_cmake_args=None, catkin_cmake_args=None, catkin_skip_building_tests=False, mixin_files=None, mixin=None, verb_parser=<colcon_mixin.mixin.mixin_argument.MixinArgumentDecorator object at 0x7656557660e0>, verb_extension=<colcon_core.verb.build.BuildVerb object at 0x765655867250>, main=<bound method BuildVerb.main of <colcon_core.verb.build.BuildVerb object at 0x765655867250>>, mixin_verb=('build',))
[0.340s] Level 1:colcon.colcon_core.package_discovery:discover_packages(colcon_meta) check parameters
[0.340s] Level 1:colcon.colcon_core.package_discovery:discover_packages(recursive) check parameters
[0.340s] Level 1:colcon.colcon_core.package_discovery:discover_packages(ignore) check parameters
[0.340s] Level 1:colcon.colcon_core.package_discovery:discover_packages(path) check parameters
[0.340s] Level 1:colcon.colcon_core.package_discovery:discover_packages(colcon_meta) discover
[0.340s] Level 1:colcon.colcon_core.package_discovery:discover_packages(recursive) discover
[0.340s] INFO:colcon.colcon_core.package_discovery:Crawling recursively for packages in '/home/yundali/Arm_Project_WS/src'
[0.340s] Level 1:colcon.colcon_core.package_identification:_identify(.) by extensions ['ignore', 'ignore_ament_install']
[0.340s] Level 1:colcon.colcon_core.package_identification:_identify(.) by extension 'ignore'
[0.341s] Level 1:colcon.colcon_core.package_identification:_identify(.) by extension 'ignore_ament_install'
[0.341s] Level 1:colcon.colcon_core.package_identification:_identify(.) by extensions ['colcon_pkg']
[0.341s] Level 1:colcon.colcon_core.package_identification:_identify(.) by extension 'colcon_pkg'
[0.341s] Level 1:colcon.colcon_core.package_identification:_identify(.) by extensions ['colcon_meta']
[0.341s] Level 1:colcon.colcon_core.package_identification:_identify(.) by extension 'colcon_meta'
[0.341s] Level 1:colcon.colcon_core.package_identification:_identify(.) by extensions ['ros']
[0.341s] Level 1:colcon.colcon_core.package_identification:_identify(.) by extension 'ros'
[0.353s] Level 1:colcon.colcon_core.package_identification:_identify(.) by extensions ['cmake', 'python']
[0.353s] Level 1:colcon.colcon_core.package_identification:_identify(.) by extension 'cmake'
[0.353s] Level 1:colcon.colcon_core.package_identification:_identify(.) by extension 'python'
[0.353s] Level 1:colcon.colcon_core.package_identification:_identify(.) by extensions ['python_setup_py']
[0.353s] Level 1:colcon.colcon_core.package_identification:_identify(.) by extension 'python_setup_py'
[0.354s] Level 1:colcon.colcon_core.package_identification:_identify(build) by extensions ['ignore', 'ignore_ament_install']
[0.354s] Level 1:colcon.colcon_core.package_identification:_identify(build) by extension 'ignore'
[0.354s] Level 1:colcon.colcon_core.package_identification:_identify(build) ignored
[0.354s] Level 1:colcon.colcon_core.package_identification:_identify(feetech_ros2_driver) by extensions ['ignore', 'ignore_ament_install']
[0.354s] Level 1:colcon.colcon_core.package_identification:_identify(feetech_ros2_driver) by extension 'ignore'
[0.354s] Level 1:colcon.colcon_core.package_identification:_identify(feetech_ros2_driver) by extension 'ignore_ament_install'
[0.354s] Level 1:colcon.colcon_core.package_identification:_identify(feetech_ros2_driver) by extensions ['colcon_pkg']
[0.354s] Level 1:colcon.colcon_core.package_identification:_identify(feetech_ros2_driver) by extension 'colcon_pkg'
[0.354s] Level 1:colcon.colcon_core.package_identification:_identify(feetech_ros2_driver) by extensions ['colcon_meta']
[0.355s] Level 1:colcon.colcon_core.package_identification:_identify(feetech_ros2_driver) by extension 'colcon_meta'
[0.355s] Level 1:colcon.colcon_core.package_identification:_identify(feetech_ros2_driver) by extensions ['ros']
[0.355s] Level 1:colcon.colcon_core.package_identification:_identify(feetech_ros2_driver) by extension 'ros'
[0.359s] DEBUG:colcon.colcon_core.package_identification:Package 'feetech_ros2_driver' with type 'ros.ament_cmake' and name 'feetech_ros2_driver'
[0.359s] Level 1:colcon.colcon_core.package_identification:_identify(install) by extensions ['ignore', 'ignore_ament_install']
[0.359s] Level 1:colcon.colcon_core.package_identification:_identify(install) by extension 'ignore'
[0.359s] Level 1:colcon.colcon_core.package_identification:_identify(install) ignored
[0.360s] Level 1:colcon.colcon_core.package_identification:_identify(log) by extensions ['ignore', 'ignore_ament_install']
[0.360s] Level 1:colcon.colcon_core.package_identification:_identify(log) by extension 'ignore'
[0.360s] Level 1:colcon.colcon_core.package_identification:_identify(log) ignored
[0.360s] Level 1:colcon.colcon_core.package_identification:_identify(soarm_controller) by extensions ['ignore', 'ignore_ament_install']
[0.360s] Level 1:colcon.colcon_core.package_identification:_identify(soarm_controller) by extension 'ignore'
[0.360s] Level 1:colcon.colcon_core.package_identification:_identify(soarm_controller) by extension 'ignore_ament_install'
[0.360s] Level 1:colcon.colcon_core.package_identification:_identify(soarm_controller) by extensions ['colcon_pkg']
[0.360s] Level 1:colcon.colcon_core.package_identification:_identify(soarm_controller) by extension 'colcon_pkg'
[0.360s] Level 1:colcon.colcon_core.package_identification:_identify(soarm_controller) by extensions ['colcon_meta']
[0.360s] Level 1:colcon.colcon_core.package_identification:_identify(soarm_controller) by extension 'colcon_meta'
[0.360s] Level 1:colcon.colcon_core.package_identification:_identify(soarm_controller) by extensions ['ros']
[0.361s] Level 1:colcon.colcon_core.package_identification:_identify(soarm_controller) by extension 'ros'
[0.361s] DEBUG:colcon.colcon_core.package_identification:Package 'soarm_controller' with type 'ros.ament_cmake' and name 'soarm_controller'
[0.361s] Level 1:colcon.colcon_core.package_identification:_identify(soarm_description) by extensions ['ignore', 'ignore_ament_install']
[0.361s] Level 1:colcon.colcon_core.package_identification:_identify(soarm_description) by extension 'ignore'
[0.361s] Level 1:colcon.colcon_core.package_identification:_identify(soarm_description) by extension 'ignore_ament_install'
[0.362s] Level 1:colcon.colcon_core.package_identification:_identify(soarm_description) by extensions ['colcon_pkg']
[0.362s] Level 1:colcon.colcon_core.package_identification:_identify(soarm_description) by extension 'colcon_pkg'
[0.362s] Level 1:colcon.colcon_core.package_identification:_identify(soarm_description) by extensions ['colcon_meta']
[0.362s] Level 1:colcon.colcon_core.package_identification:_identify(soarm_description) by extension 'colcon_meta'
[0.362s] Level 1:colcon.colcon_core.package_identification:_identify(soarm_description) by extensions ['ros']
[0.362s] Level 1:colcon.colcon_core.package_identification:_identify(soarm_description) by extension 'ros'
[0.362s] DEBUG:colcon.colcon_core.package_identification:Package 'soarm_description' with type 'ros.ament_cmake' and name 'soarm_description'
[0.363s] Level 1:colcon.colcon_core.package_identification:_identify(soarm_scripts) by extensions ['ignore', 'ignore_ament_install']
[0.363s] Level 1:colcon.colcon_core.package_identification:_identify(soarm_scripts) by extension 'ignore'
[0.363s] Level 1:colcon.colcon_core.package_identification:_identify(soarm_scripts) by extension 'ignore_ament_install'
[0.363s] Level 1:colcon.colcon_core.package_identification:_identify(soarm_scripts) by extensions ['colcon_pkg']
[0.363s] Level 1:colcon.colcon_core.package_identification:_identify(soarm_scripts) by extension 'colcon_pkg'
[0.363s] Level 1:colcon.colcon_core.package_identification:_identify(soarm_scripts) by extensions ['colcon_meta']
[0.363s] Level 1:colcon.colcon_core.package_identification:_identify(soarm_scripts) by extension 'colcon_meta'
[0.363s] Level 1:colcon.colcon_core.package_identification:_identify(soarm_scripts) by extensions ['ros']
[0.363s] Level 1:colcon.colcon_core.package_identification:_identify(soarm_scripts) by extension 'ros'
[0.364s] DEBUG:colcon.colcon_core.package_identification:Package 'soarm_scripts' with type 'ros.ament_cmake' and name 'soarm_scripts'
[0.364s] Level 1:colcon.colcon_core.package_discovery:discover_packages(recursive) using defaults
[0.364s] Level 1:colcon.colcon_core.package_discovery:discover_packages(ignore) discover
[0.364s] Level 1:colcon.colcon_core.package_discovery:discover_packages(ignore) using defaults
[0.364s] Level 1:colcon.colcon_core.package_discovery:discover_packages(path) discover
[0.364s] Level 1:colcon.colcon_core.package_discovery:discover_packages(path) using defaults
[0.395s] INFO:colcon.colcon_core.package_selection:Skipping package 'soarm_scripts' in 'soarm_scripts'
[0.395s] INFO:colcon.colcon_core.package_selection:Skipping package 'soarm_description' in 'soarm_description'
[0.395s] INFO:colcon.colcon_core.package_selection:Skipping package 'soarm_controller' in 'soarm_controller'
[0.395s] Level 1:colcon.colcon_core.package_discovery:discover_packages(prefix_path) check parameters
[0.395s] Level 1:colcon.colcon_core.package_discovery:discover_packages(prefix_path) discover
[0.398s] DEBUG:colcon.colcon_installed_package_information.package_discovery:Found 4 installed packages in /home/yundali/Arm_Project_WS/src/install
[0.398s] DEBUG:colcon.colcon_installed_package_information.package_discovery:Found 3 installed packages in /home/yundali/Arm_Project_WS/install
[0.400s] DEBUG:colcon.colcon_installed_package_information.package_discovery:Found 400 installed packages in /opt/ros/humble
[0.402s] Level 1:colcon.colcon_core.package_discovery:discover_packages(prefix_path) using defaults
[0.459s] Level 5:colcon.colcon_core.verb:set package 'feetech_ros2_driver' build argument 'cmake_args' from command line to 'None'
[0.459s] Level 5:colcon.colcon_core.verb:set package 'feetech_ros2_driver' build argument 'cmake_target' from command line to 'None'
[0.459s] Level 5:colcon.colcon_core.verb:set package 'feetech_ros2_driver' build argument 'cmake_target_skip_unavailable' from command line to 'False'
[0.459s] Level 5:colcon.colcon_core.verb:set package 'feetech_ros2_driver' build argument 'cmake_clean_cache' from command line to 'False'
[0.459s] Level 5:colcon.colcon_core.verb:set package 'feetech_ros2_driver' build argument 'cmake_clean_first' from command line to 'False'
[0.459s] Level 5:colcon.colcon_core.verb:set package 'feetech_ros2_driver' build argument 'cmake_force_configure' from command line to 'False'
[0.459s] Level 5:colcon.colcon_core.verb:set package 'feetech_ros2_driver' build argument 'ament_cmake_args' from command line to 'None'
[0.459s] Level 5:colcon.colcon_core.verb:set package 'feetech_ros2_driver' build argument 'catkin_cmake_args' from command line to 'None'
[0.459s] Level 5:colcon.colcon_core.verb:set package 'feetech_ros2_driver' build argument 'catkin_skip_building_tests' from command line to 'False'
[0.459s] DEBUG:colcon.colcon_core.verb:Building package 'feetech_ros2_driver' with the following arguments: {'ament_cmake_args': None, 'build_base': '/home/yundali/Arm_Project_WS/src/build/feetech_ros2_driver', 'catkin_cmake_args': None, 'catkin_skip_building_tests': False, 'cmake_args': None, 'cmake_clean_cache': False, 'cmake_clean_first': False, 'cmake_force_configure': False, 'cmake_target': None, 'cmake_target_skip_unavailable': False, 'install_base': '/home/yundali/Arm_Project_WS/src/install/feetech_ros2_driver', 'merge_install': False, 'path': '/home/yundali/Arm_Project_WS/src/feetech_ros2_driver', 'symlink_install': False, 'test_result_base': None}
[0.460s] INFO:colcon.colcon_core.executor:Executing jobs using 'parallel' executor
[0.461s] DEBUG:colcon.colcon_parallel_executor.executor.parallel:run_until_complete
[0.461s] INFO:colcon.colcon_ros.task.ament_cmake.build:Building ROS package in '/home/yundali/Arm_Project_WS/src/feetech_ros2_driver' with build type 'ament_cmake'
[0.461s] INFO:colcon.colcon_cmake.task.cmake.build:Building CMake package in '/home/yundali/Arm_Project_WS/src/feetech_ros2_driver'
[0.464s] INFO:colcon.colcon_core.plugin_system:Skipping extension 'colcon_core.shell.bat': Not used on non-Windows systems
[0.464s] INFO:colcon.colcon_core.shell:Skip shell extension 'powershell' for command environment: Not usable outside of PowerShell
[0.464s] DEBUG:colcon.colcon_core.shell:Skip shell extension 'dsv' for command environment
[0.478s] DEBUG:colcon.colcon_core.event_handler.log_command:Invoking command in '/home/yundali/Arm_Project_WS/src/build/feetech_ros2_driver': CMAKE_PREFIX_PATH=${CMAKE_PREFIX_PATH}:/opt/ros/humble /usr/bin/cmake --build /home/yundali/Arm_Project_WS/src/build/feetech_ros2_driver -- -j8 -l8
[0.644s] DEBUG:colcon.colcon_core.event_handler.log_command:Invoked command in '/home/yundali/Arm_Project_WS/src/build/feetech_ros2_driver' returned '0': CMAKE_PREFIX_PATH=${CMAKE_PREFIX_PATH}:/opt/ros/humble /usr/bin/cmake --build /home/yundali/Arm_Project_WS/src/build/feetech_ros2_driver -- -j8 -l8
[0.656s] DEBUG:colcon.colcon_core.event_handler.log_command:Invoking command in '/home/yundali/Arm_Project_WS/src/build/feetech_ros2_driver': CMAKE_PREFIX_PATH=${CMAKE_PREFIX_PATH}:/opt/ros/humble /usr/bin/cmake --install /home/yundali/Arm_Project_WS/src/build/feetech_ros2_driver
[0.673s] Level 1:colcon.colcon_core.environment:create_environment_scripts_only(feetech_ros2_driver)
[0.675s] DEBUG:colcon.colcon_core.event_handler.log_command:Invoked command in '/home/yundali/Arm_Project_WS/src/build/feetech_ros2_driver' returned '0': CMAKE_PREFIX_PATH=${CMAKE_PREFIX_PATH}:/opt/ros/humble /usr/bin/cmake --install /home/yundali/Arm_Project_WS/src/build/feetech_ros2_driver
[0.677s] Level 1:colcon.colcon_core.environment:checking '/home/yundali/Arm_Project_WS/src/install/feetech_ros2_driver' for CMake module files
[0.677s] Level 1:colcon.colcon_core.environment:checking '/home/yundali/Arm_Project_WS/src/install/feetech_ros2_driver' for CMake config files
[0.678s] Level 1:colcon.colcon_core.shell:create_environment_hook('feetech_ros2_driver', 'cmake_prefix_path')
[0.678s] INFO:colcon.colcon_core.shell:Creating environment hook '/home/yundali/Arm_Project_WS/src/install/feetech_ros2_driver/share/feetech_ros2_driver/hook/cmake_prefix_path.ps1'
[0.679s] INFO:colcon.colcon_core.shell:Creating environment descriptor '/home/yundali/Arm_Project_WS/src/install/feetech_ros2_driver/share/feetech_ros2_driver/hook/cmake_prefix_path.dsv'
[0.679s] INFO:colcon.colcon_core.shell:Creating environment hook '/home/yundali/Arm_Project_WS/src/install/feetech_ros2_driver/share/feetech_ros2_driver/hook/cmake_prefix_path.sh'
[0.680s] Level 1:colcon.colcon_core.environment:checking '/home/yundali/Arm_Project_WS/src/install/feetech_ros2_driver/lib'
[0.680s] Level 1:colcon.colcon_core.shell:create_environment_hook('feetech_ros2_driver', 'ld_library_path_lib')
[0.680s] INFO:colcon.colcon_core.shell:Creating environment hook '/home/yundali/Arm_Project_WS/src/install/feetech_ros2_driver/share/feetech_ros2_driver/hook/ld_library_path_lib.ps1'
[0.681s] INFO:colcon.colcon_core.shell:Creating environment descriptor '/home/yundali/Arm_Project_WS/src/install/feetech_ros2_driver/share/feetech_ros2_driver/hook/ld_library_path_lib.dsv'
[0.681s] INFO:colcon.colcon_core.shell:Creating environment hook '/home/yundali/Arm_Project_WS/src/install/feetech_ros2_driver/share/feetech_ros2_driver/hook/ld_library_path_lib.sh'
[0.682s] Level 1:colcon.colcon_core.environment:checking '/home/yundali/Arm_Project_WS/src/install/feetech_ros2_driver/bin'
[0.682s] Level 1:colcon.colcon_core.shell:create_environment_hook('feetech_ros2_driver', 'path')
[0.682s] INFO:colcon.colcon_core.shell:Creating environment hook '/home/yundali/Arm_Project_WS/src/install/feetech_ros2_driver/share/feetech_ros2_driver/hook/path.ps1'
[0.683s] INFO:colcon.colcon_core.shell:Creating environment descriptor '/home/yundali/Arm_Project_WS/src/install/feetech_ros2_driver/share/feetech_ros2_driver/hook/path.dsv'
[0.683s] INFO:colcon.colcon_core.shell:Creating environment hook '/home/yundali/Arm_Project_WS/src/install/feetech_ros2_driver/share/feetech_ros2_driver/hook/path.sh'
[0.683s] Level 1:colcon.colcon_core.environment:checking '/home/yundali/Arm_Project_WS/src/install/feetech_ros2_driver/lib/pkgconfig/feetech_ros2_driver.pc'
[0.684s] Level 1:colcon.colcon_core.environment:checking '/home/yundali/Arm_Project_WS/src/install/feetech_ros2_driver/lib/python3.10/site-packages'
[0.684s] Level 1:colcon.colcon_core.environment:checking '/home/yundali/Arm_Project_WS/src/install/feetech_ros2_driver/bin'
[0.684s] Level 1:colcon.colcon_core.shell:create_environment_hook('feetech_ros2_driver', 'pythonscriptspath')
[0.684s] INFO:colcon.colcon_core.shell:Creating environment hook '/home/yundali/Arm_Project_WS/src/install/feetech_ros2_driver/share/feetech_ros2_driver/hook/pythonscriptspath.ps1'
[0.685s] INFO:colcon.colcon_core.shell:Creating environment descriptor '/home/yundali/Arm_Project_WS/src/install/feetech_ros2_driver/share/feetech_ros2_driver/hook/pythonscriptspath.dsv'
[0.685s] INFO:colcon.colcon_core.shell:Creating environment hook '/home/yundali/Arm_Project_WS/src/install/feetech_ros2_driver/share/feetech_ros2_driver/hook/pythonscriptspath.sh'
[0.686s] INFO:colcon.colcon_core.shell:Creating package script '/home/yundali/Arm_Project_WS/src/install/feetech_ros2_driver/share/feetech_ros2_driver/package.ps1'
[0.687s] INFO:colcon.colcon_core.shell:Creating package descriptor '/home/yundali/Arm_Project_WS/src/install/feetech_ros2_driver/share/feetech_ros2_driver/package.dsv'
[0.688s] INFO:colcon.colcon_core.shell:Creating package script '/home/yundali/Arm_Project_WS/src/install/feetech_ros2_driver/share/feetech_ros2_driver/package.sh'
[0.689s] INFO:colcon.colcon_core.shell:Creating package script '/home/yundali/Arm_Project_WS/src/install/feetech_ros2_driver/share/feetech_ros2_driver/package.bash'
[0.690s] INFO:colcon.colcon_core.shell:Creating package script '/home/yundali/Arm_Project_WS/src/install/feetech_ros2_driver/share/feetech_ros2_driver/package.zsh'
[0.690s] Level 1:colcon.colcon_core.environment:create_file_with_runtime_dependencies(/home/yundali/Arm_Project_WS/src/install/feetech_ros2_driver/share/colcon-core/packages/feetech_ros2_driver)
[0.691s] Level 1:colcon.colcon_core.environment:create_environment_scripts_only(feetech_ros2_driver)
[0.692s] Level 1:colcon.colcon_core.environment:checking '/home/yundali/Arm_Project_WS/src/install/feetech_ros2_driver' for CMake module files
[0.692s] Level 1:colcon.colcon_core.environment:checking '/home/yundali/Arm_Project_WS/src/install/feetech_ros2_driver' for CMake config files
[0.692s] Level 1:colcon.colcon_core.shell:create_environment_hook('feetech_ros2_driver', 'cmake_prefix_path')
[0.693s] INFO:colcon.colcon_core.shell:Creating environment hook '/home/yundali/Arm_Project_WS/src/install/feetech_ros2_driver/share/feetech_ros2_driver/hook/cmake_prefix_path.ps1'
[0.693s] INFO:colcon.colcon_core.shell:Creating environment descriptor '/home/yundali/Arm_Project_WS/src/install/feetech_ros2_driver/share/feetech_ros2_driver/hook/cmake_prefix_path.dsv'
[0.693s] INFO:colcon.colcon_core.shell:Creating environment hook '/home/yundali/Arm_Project_WS/src/install/feetech_ros2_driver/share/feetech_ros2_driver/hook/cmake_prefix_path.sh'
[0.694s] Level 1:colcon.colcon_core.environment:checking '/home/yundali/Arm_Project_WS/src/install/feetech_ros2_driver/lib'
[0.694s] Level 1:colcon.colcon_core.shell:create_environment_hook('feetech_ros2_driver', 'ld_library_path_lib')
[0.694s] INFO:colcon.colcon_core.shell:Creating environment hook '/home/yundali/Arm_Project_WS/src/install/feetech_ros2_driver/share/feetech_ros2_driver/hook/ld_library_path_lib.ps1'
[0.695s] INFO:colcon.colcon_core.shell:Creating environment descriptor '/home/yundali/Arm_Project_WS/src/install/feetech_ros2_driver/share/feetech_ros2_driver/hook/ld_library_path_lib.dsv'
[0.695s] INFO:colcon.colcon_core.shell:Creating environment hook '/home/yundali/Arm_Project_WS/src/install/feetech_ros2_driver/share/feetech_ros2_driver/hook/ld_library_path_lib.sh'
[0.696s] Level 1:colcon.colcon_core.environment:checking '/home/yundali/Arm_Project_WS/src/install/feetech_ros2_driver/bin'
[0.696s] Level 1:colcon.colcon_core.shell:create_environment_hook('feetech_ros2_driver', 'path')
[0.696s] INFO:colcon.colcon_core.shell:Creating environment hook '/home/yundali/Arm_Project_WS/src/install/feetech_ros2_driver/share/feetech_ros2_driver/hook/path.ps1'
[0.697s] INFO:colcon.colcon_core.shell:Creating environment descriptor '/home/yundali/Arm_Project_WS/src/install/feetech_ros2_driver/share/feetech_ros2_driver/hook/path.dsv'
[0.697s] INFO:colcon.colcon_core.shell:Creating environment hook '/home/yundali/Arm_Project_WS/src/install/feetech_ros2_driver/share/feetech_ros2_driver/hook/path.sh'
[0.697s] Level 1:colcon.colcon_core.environment:checking '/home/yundali/Arm_Project_WS/src/install/feetech_ros2_driver/lib/pkgconfig/feetech_ros2_driver.pc'
[0.698s] Level 1:colcon.colcon_core.environment:checking '/home/yundali/Arm_Project_WS/src/install/feetech_ros2_driver/lib/python3.10/site-packages'
[0.698s] Level 1:colcon.colcon_core.environment:checking '/home/yundali/Arm_Project_WS/src/install/feetech_ros2_driver/bin'
[0.698s] Level 1:colcon.colcon_core.shell:create_environment_hook('feetech_ros2_driver', 'pythonscriptspath')
[0.699s] INFO:colcon.colcon_core.shell:Creating environment hook '/home/yundali/Arm_Project_WS/src/install/feetech_ros2_driver/share/feetech_ros2_driver/hook/pythonscriptspath.ps1'
[0.699s] INFO:colcon.colcon_core.shell:Creating environment descriptor '/home/yundali/Arm_Project_WS/src/install/feetech_ros2_driver/share/feetech_ros2_driver/hook/pythonscriptspath.dsv'
[0.699s] INFO:colcon.colcon_core.shell:Creating environment hook '/home/yundali/Arm_Project_WS/src/install/feetech_ros2_driver/share/feetech_ros2_driver/hook/pythonscriptspath.sh'
[0.700s] INFO:colcon.colcon_core.shell:Creating package script '/home/yundali/Arm_Project_WS/src/install/feetech_ros2_driver/share/feetech_ros2_driver/package.ps1'
[0.701s] INFO:colcon.colcon_core.shell:Creating package descriptor '/home/yundali/Arm_Project_WS/src/install/feetech_ros2_driver/share/feetech_ros2_driver/package.dsv'
[0.702s] INFO:colcon.colcon_core.shell:Creating package script '/home/yundali/Arm_Project_WS/src/install/feetech_ros2_driver/share/feetech_ros2_driver/package.sh'
[0.702s] INFO:colcon.colcon_core.shell:Creating package script '/home/yundali/Arm_Project_WS/src/install/feetech_ros2_driver/share/feetech_ros2_driver/package.bash'
[0.703s] INFO:colcon.colcon_core.shell:Creating package script '/home/yundali/Arm_Project_WS/src/install/feetech_ros2_driver/share/feetech_ros2_driver/package.zsh'
[0.703s] Level 1:colcon.colcon_core.environment:create_file_with_runtime_dependencies(/home/yundali/Arm_Project_WS/src/install/feetech_ros2_driver/share/colcon-core/packages/feetech_ros2_driver)
[0.704s] DEBUG:colcon.colcon_parallel_executor.executor.parallel:closing loop
[0.704s] DEBUG:colcon.colcon_parallel_executor.executor.parallel:loop closed
[0.705s] DEBUG:colcon.colcon_parallel_executor.executor.parallel:run_until_complete finished with '0'
[0.705s] DEBUG:colcon.colcon_core.event_reactor:joining thread
[0.713s] INFO:colcon.colcon_core.plugin_system:Skipping extension 'colcon_notification.desktop_notification.terminal_notifier': Not used on non-Darwin systems
[0.713s] INFO:colcon.colcon_core.plugin_system:Skipping extension 'colcon_notification.desktop_notification.win32': Not used on non-Windows systems
[0.713s] INFO:colcon.colcon_notification.desktop_notification:Sending desktop notification using 'notify2'
[0.728s] DEBUG:colcon.colcon_core.event_reactor:joined thread
[0.729s] INFO:colcon.colcon_core.shell:Creating prefix script '/home/yundali/Arm_Project_WS/src/install/local_setup.ps1'
[0.730s] INFO:colcon.colcon_core.shell:Creating prefix util module '/home/yundali/Arm_Project_WS/src/install/_local_setup_util_ps1.py'
[0.732s] INFO:colcon.colcon_core.shell:Creating prefix chain script '/home/yundali/Arm_Project_WS/src/install/setup.ps1'
[0.736s] INFO:colcon.colcon_core.shell:Creating prefix script '/home/yundali/Arm_Project_WS/src/install/local_setup.sh'
[0.737s] INFO:colcon.colcon_core.shell:Creating prefix util module '/home/yundali/Arm_Project_WS/src/install/_local_setup_util_sh.py'
[0.737s] INFO:colcon.colcon_core.shell:Creating prefix chain script '/home/yundali/Arm_Project_WS/src/install/setup.sh'
[0.740s] INFO:colcon.colcon_core.shell:Creating prefix script '/home/yundali/Arm_Project_WS/src/install/local_setup.bash'
[0.740s] INFO:colcon.colcon_core.shell:Creating prefix chain script '/home/yundali/Arm_Project_WS/src/install/setup.bash'
[0.742s] INFO:colcon.colcon_core.shell:Creating prefix script '/home/yundali/Arm_Project_WS/src/install/local_setup.zsh'
[0.743s] INFO:colcon.colcon_core.shell:Creating prefix chain script '/home/yundali/Arm_Project_WS/src/install/setup.zsh'
