-- The C compiler identification is GNU 11.4.0
-- The CXX compiler identification is GNU 11.4.0
-- Detecting C compiler ABI info
-- Detecting C compiler ABI info - done
-- Check for working C compiler: /usr/bin/cc - skipped
-- Detecting C compile features
-- Detecting C compile features - done
-- Detecting CXX compiler ABI info
-- Detecting CXX compiler ABI info - done
-- Check for working CXX compiler: /usr/bin/c++ - skipped
-- Detecting CXX compile features
-- Detecting CXX compile features - done
-- Found ament_cmake: 1.3.13 (/opt/ros/humble/share/ament_cmake/cmake)
-- Found Python3: /usr/bin/python3 (found version "3.10.12") found components: Interpreter 
-- Found joint_trajectory_controller: 2.52.0 (/opt/ros/humble/share/joint_trajectory_controller/cmake)
-- Found rosidl_generator_c: 3.1.8 (/opt/ros/humble/share/rosidl_generator_c/cmake)
-- Found rosidl_adapter: 3.1.8 (/opt/ros/humble/share/rosidl_adapter/cmake)
-- Found rosidl_generator_cpp: 3.1.8 (/opt/ros/humble/share/rosidl_generator_cpp/cmake)
-- Using all available rosidl_typesupport_c: rosidl_typesupport_fastrtps_c;rosidl_typesupport_introspection_c
-- Using all available rosidl_typesupport_cpp: rosidl_typesupport_fastrtps_cpp;rosidl_typesupport_introspection_cpp
-- Found rmw_implementation_cmake: 6.1.2 (/opt/ros/humble/share/rmw_implementation_cmake/cmake)
-- Found rmw_fastrtps_cpp: 6.2.10 (/opt/ros/humble/share/rmw_fastrtps_cpp/cmake)
-- Found OpenSSL: /usr/lib/x86_64-linux-gnu/libcrypto.so (found version "3.0.2")  
-- Found FastRTPS: /opt/ros/humble/include  
-- Using RMW implementation 'rmw_fastrtps_cpp' as default
-- Looking for pthread.h
-- Looking for pthread.h - found
-- Performing Test CMAKE_HAVE_LIBC_PTHREAD
-- Performing Test CMAKE_HAVE_LIBC_PTHREAD - Success
-- Found Threads: TRUE  
-- Found ament_lint_auto: 0.12.15 (/opt/ros/humble/share/ament_lint_auto/cmake)
-- Added test 'cppcheck' to perform static code analysis on C / C++ code
-- Configured cppcheck include dirs: 
-- Configured cppcheck exclude dirs and/or files: 
-- Added test 'flake8' to check Python code syntax and style conventions
-- Added test 'lint_cmake' to check CMake code style
-- Added test 'pep257' to check Python code against some of the docstring style conventions in PEP 257
-- Added test 'uncrustify' to check C / C++ code style
-- Configured uncrustify additional arguments: 
-- Added test 'xmllint' to check XML markup files
-- Configuring done
-- Generating done
-- Build files have been written to: /home/yundali/Arm_Project_WS/src/build/soarm_controller
-- Install configuration: ""
-- Installing: /home/yundali/Arm_Project_WS/src/install/soarm_controller/share/soarm_controller/config
-- Installing: /home/yundali/Arm_Project_WS/src/install/soarm_controller/share/soarm_controller/config/soarm_controllers.yaml
-- Installing: /home/yundali/Arm_Project_WS/src/install/soarm_controller/share/soarm_controller/launch
-- Installing: /home/yundali/Arm_Project_WS/src/install/soarm_controller/share/soarm_controller/launch/controller.launch.py
-- Installing: /home/yundali/Arm_Project_WS/src/install/soarm_controller/share/ament_index/resource_index/package_run_dependencies/soarm_controller
-- Installing: /home/yundali/Arm_Project_WS/src/install/soarm_controller/share/ament_index/resource_index/parent_prefix_path/soarm_controller
-- Installing: /home/yundali/Arm_Project_WS/src/install/soarm_controller/share/soarm_controller/environment/ament_prefix_path.sh
-- Installing: /home/yundali/Arm_Project_WS/src/install/soarm_controller/share/soarm_controller/environment/ament_prefix_path.dsv
-- Installing: /home/yundali/Arm_Project_WS/src/install/soarm_controller/share/soarm_controller/environment/path.sh
-- Installing: /home/yundali/Arm_Project_WS/src/install/soarm_controller/share/soarm_controller/environment/path.dsv
-- Installing: /home/yundali/Arm_Project_WS/src/install/soarm_controller/share/soarm_controller/local_setup.bash
-- Installing: /home/yundali/Arm_Project_WS/src/install/soarm_controller/share/soarm_controller/local_setup.sh
-- Installing: /home/yundali/Arm_Project_WS/src/install/soarm_controller/share/soarm_controller/local_setup.zsh
-- Installing: /home/yundali/Arm_Project_WS/src/install/soarm_controller/share/soarm_controller/local_setup.dsv
-- Installing: /home/yundali/Arm_Project_WS/src/install/soarm_controller/share/soarm_controller/package.dsv
-- Installing: /home/yundali/Arm_Project_WS/src/install/soarm_controller/share/ament_index/resource_index/packages/soarm_controller
-- Installing: /home/yundali/Arm_Project_WS/src/install/soarm_controller/share/soarm_controller/cmake/soarm_controllerConfig.cmake
-- Installing: /home/yundali/Arm_Project_WS/src/install/soarm_controller/share/soarm_controller/cmake/soarm_controllerConfig-version.cmake
-- Installing: /home/yundali/Arm_Project_WS/src/install/soarm_controller/share/soarm_controller/package.xml
