[0.036s] Invoking command in '/home/yundali/Arm_Project_WS/src/build/soarm_controller': CMAKE_PREFIX_PATH=${CMAKE_PREFIX_PATH}:/opt/ros/humble /usr/bin/cmake /home/yundali/Arm_Project_WS/src/soarm_controller -DCMAKE_INSTALL_PREFIX=/home/yundali/Arm_Project_WS/src/install/soarm_controller
[0.756s] -- The C compiler identification is GNU 11.4.0
[1.138s] -- The CXX compiler identification is GNU 11.4.0
[1.248s] -- Detecting C compiler ABI info
[1.511s] -- Detecting C compiler ABI info - done
[1.523s] -- Check for working C compiler: /usr/bin/cc - skipped
[1.524s] -- Detecting C compile features
[1.547s] -- Detecting C compile features - done
[1.556s] -- Detecting CXX compiler ABI info
[1.753s] -- Detecting CXX compiler ABI info - done
[1.771s] -- Check for working CXX compiler: /usr/bin/c++ - skipped
[1.771s] -- Detecting CXX compile features
[1.772s] -- Detecting CXX compile features - done
[1.899s] -- Found ament_cmake: 1.3.13 (/opt/ros/humble/share/ament_cmake/cmake)
[2.274s] -- Found Python3: /usr/bin/python3 (found version "3.10.12") found components: Interpreter 
[2.709s] -- Found joint_trajectory_controller: 2.52.0 (/opt/ros/humble/share/joint_trajectory_controller/cmake)
[3.006s] -- Found rosidl_generator_c: 3.1.8 (/opt/ros/humble/share/rosidl_generator_c/cmake)
[3.037s] -- Found rosidl_adapter: 3.1.8 (/opt/ros/humble/share/rosidl_adapter/cmake)
[3.075s] -- Found rosidl_generator_cpp: 3.1.8 (/opt/ros/humble/share/rosidl_generator_cpp/cmake)
[3.489s] -- Using all available rosidl_typesupport_c: rosidl_typesupport_fastrtps_c;rosidl_typesupport_introspection_c
[3.782s] -- Using all available rosidl_typesupport_cpp: rosidl_typesupport_fastrtps_cpp;rosidl_typesupport_introspection_cpp
[4.792s] -- Found rmw_implementation_cmake: 6.1.2 (/opt/ros/humble/share/rmw_implementation_cmake/cmake)
[4.845s] -- Found rmw_fastrtps_cpp: 6.2.10 (/opt/ros/humble/share/rmw_fastrtps_cpp/cmake)
[5.346s] -- Found OpenSSL: /usr/lib/x86_64-linux-gnu/libcrypto.so (found version "3.0.2")  
[5.404s] -- Found FastRTPS: /opt/ros/humble/include  
[5.477s] -- Using RMW implementation 'rmw_fastrtps_cpp' as default
[5.522s] -- Looking for pthread.h
[5.611s] -- Looking for pthread.h - found
[5.612s] -- Performing Test CMAKE_HAVE_LIBC_PTHREAD
[5.701s] -- Performing Test CMAKE_HAVE_LIBC_PTHREAD - Success
[5.704s] -- Found Threads: TRUE  
[6.679s] -- Found ament_lint_auto: 0.12.15 (/opt/ros/humble/share/ament_lint_auto/cmake)
[6.789s] -- Added test 'cppcheck' to perform static code analysis on C / C++ code
[6.789s] -- Configured cppcheck include dirs: 
[6.790s] -- Configured cppcheck exclude dirs and/or files: 
[6.790s] -- Added test 'flake8' to check Python code syntax and style conventions
[6.791s] -- Added test 'lint_cmake' to check CMake code style
[6.792s] -- Added test 'pep257' to check Python code against some of the docstring style conventions in PEP 257
[6.794s] -- Added test 'uncrustify' to check C / C++ code style
[6.794s] -- Configured uncrustify additional arguments: 
[6.794s] -- Added test 'xmllint' to check XML markup files
[6.796s] -- Configuring done
[6.806s] -- Generating done
[6.810s] -- Build files have been written to: /home/yundali/Arm_Project_WS/src/build/soarm_controller
[6.824s] Invoked command in '/home/yundali/Arm_Project_WS/src/build/soarm_controller' returned '0': CMAKE_PREFIX_PATH=${CMAKE_PREFIX_PATH}:/opt/ros/humble /usr/bin/cmake /home/yundali/Arm_Project_WS/src/soarm_controller -DCMAKE_INSTALL_PREFIX=/home/yundali/Arm_Project_WS/src/install/soarm_controller
[6.826s] Invoking command in '/home/yundali/Arm_Project_WS/src/build/soarm_controller': CMAKE_PREFIX_PATH=${CMAKE_PREFIX_PATH}:/opt/ros/humble /usr/bin/cmake --build /home/yundali/Arm_Project_WS/src/build/soarm_controller -- -j8 -l8
[6.875s] Invoked command in '/home/yundali/Arm_Project_WS/src/build/soarm_controller' returned '0': CMAKE_PREFIX_PATH=${CMAKE_PREFIX_PATH}:/opt/ros/humble /usr/bin/cmake --build /home/yundali/Arm_Project_WS/src/build/soarm_controller -- -j8 -l8
[6.877s] Invoking command in '/home/yundali/Arm_Project_WS/src/build/soarm_controller': CMAKE_PREFIX_PATH=${CMAKE_PREFIX_PATH}:/opt/ros/humble /usr/bin/cmake --install /home/yundali/Arm_Project_WS/src/build/soarm_controller
[6.887s] -- Install configuration: ""
[6.887s] -- Installing: /home/yundali/Arm_Project_WS/src/install/soarm_controller/share/soarm_controller/config
[6.887s] -- Installing: /home/yundali/Arm_Project_WS/src/install/soarm_controller/share/soarm_controller/config/soarm_controllers.yaml
[6.887s] -- Installing: /home/yundali/Arm_Project_WS/src/install/soarm_controller/share/soarm_controller/launch
[6.887s] -- Installing: /home/yundali/Arm_Project_WS/src/install/soarm_controller/share/soarm_controller/launch/controller.launch.py
[6.888s] -- Installing: /home/yundali/Arm_Project_WS/src/install/soarm_controller/share/ament_index/resource_index/package_run_dependencies/soarm_controller
[6.888s] -- Installing: /home/yundali/Arm_Project_WS/src/install/soarm_controller/share/ament_index/resource_index/parent_prefix_path/soarm_controller
[6.888s] -- Installing: /home/yundali/Arm_Project_WS/src/install/soarm_controller/share/soarm_controller/environment/ament_prefix_path.sh
[6.889s] -- Installing: /home/yundali/Arm_Project_WS/src/install/soarm_controller/share/soarm_controller/environment/ament_prefix_path.dsv
[6.889s] -- Installing: /home/yundali/Arm_Project_WS/src/install/soarm_controller/share/soarm_controller/environment/path.sh
[6.889s] -- Installing: /home/yundali/Arm_Project_WS/src/install/soarm_controller/share/soarm_controller/environment/path.dsv
[6.889s] -- Installing: /home/yundali/Arm_Project_WS/src/install/soarm_controller/share/soarm_controller/local_setup.bash
[6.890s] -- Installing: /home/yundali/Arm_Project_WS/src/install/soarm_controller/share/soarm_controller/local_setup.sh
[6.890s] -- Installing: /home/yundali/Arm_Project_WS/src/install/soarm_controller/share/soarm_controller/local_setup.zsh
[6.890s] -- Installing: /home/yundali/Arm_Project_WS/src/install/soarm_controller/share/soarm_controller/local_setup.dsv
[6.890s] -- Installing: /home/yundali/Arm_Project_WS/src/install/soarm_controller/share/soarm_controller/package.dsv
[6.891s] -- Installing: /home/yundali/Arm_Project_WS/src/install/soarm_controller/share/ament_index/resource_index/packages/soarm_controller
[6.891s] -- Installing: /home/yundali/Arm_Project_WS/src/install/soarm_controller/share/soarm_controller/cmake/soarm_controllerConfig.cmake
[6.891s] -- Installing: /home/yundali/Arm_Project_WS/src/install/soarm_controller/share/soarm_controller/cmake/soarm_controllerConfig-version.cmake
[6.891s] -- Installing: /home/yundali/Arm_Project_WS/src/install/soarm_controller/share/soarm_controller/package.xml
[6.894s] Invoked command in '/home/yundali/Arm_Project_WS/src/build/soarm_controller' returned '0': CMAKE_PREFIX_PATH=${CMAKE_PREFIX_PATH}:/opt/ros/humble /usr/bin/cmake --install /home/yundali/Arm_Project_WS/src/build/soarm_controller
