[0.035s] Invoking command in '/home/yundali/Arm_Project_WS/src/build/soarm_scripts': CMAKE_PREFIX_PATH=${CMAKE_PREFIX_PATH}:/opt/ros/humble /usr/bin/cmake /home/yundali/Arm_Project_WS/src/soarm_scripts -DCMAKE_INSTALL_PREFIX=/home/yundali/Arm_Project_WS/src/install/soarm_scripts
[0.744s] -- The C compiler identification is GNU 11.4.0
[1.129s] -- The CXX compiler identification is GNU 11.4.0
[1.238s] -- Detecting C compiler ABI info
[1.505s] -- Detecting C compiler ABI info - done
[1.521s] -- Check for working C compiler: /usr/bin/cc - skipped
[1.521s] -- Detecting C compile features
[1.538s] -- Detecting C compile features - done
[1.548s] -- Detecting CXX compiler ABI info
[1.727s] -- Detecting CXX compiler ABI info - done
[1.744s] -- Check for working CXX compiler: /usr/bin/c++ - skipped
[1.744s] -- Detecting CXX compile features
[1.745s] -- Detecting CXX compile features - done
[1.889s] -- Found ament_cmake: 1.3.13 (/opt/ros/humble/share/ament_cmake/cmake)
[2.253s] -- Found Python3: /usr/bin/python3 (found version "3.10.12") found components: Interpreter 
[2.710s] -- Found ament_lint_auto: 0.12.15 (/opt/ros/humble/share/ament_lint_auto/cmake)
[2.931s] -- Added test 'lint_cmake' to check CMake code style
[2.933s] -- Added test 'xmllint' to check XML markup files
[2.957s] -- Configuring done
[2.961s] -- Generating done
[2.964s] -- Build files have been written to: /home/yundali/Arm_Project_WS/src/build/soarm_scripts
[2.971s] Invoked command in '/home/yundali/Arm_Project_WS/src/build/soarm_scripts' returned '0': CMAKE_PREFIX_PATH=${CMAKE_PREFIX_PATH}:/opt/ros/humble /usr/bin/cmake /home/yundali/Arm_Project_WS/src/soarm_scripts -DCMAKE_INSTALL_PREFIX=/home/yundali/Arm_Project_WS/src/install/soarm_scripts
[2.974s] Invoking command in '/home/yundali/Arm_Project_WS/src/build/soarm_scripts': CMAKE_PREFIX_PATH=${CMAKE_PREFIX_PATH}:/opt/ros/humble /usr/bin/cmake --build /home/yundali/Arm_Project_WS/src/build/soarm_scripts -- -j8 -l8
[3.042s] Invoked command in '/home/yundali/Arm_Project_WS/src/build/soarm_scripts' returned '0': CMAKE_PREFIX_PATH=${CMAKE_PREFIX_PATH}:/opt/ros/humble /usr/bin/cmake --build /home/yundali/Arm_Project_WS/src/build/soarm_scripts -- -j8 -l8
[3.044s] Invoking command in '/home/yundali/Arm_Project_WS/src/build/soarm_scripts': CMAKE_PREFIX_PATH=${CMAKE_PREFIX_PATH}:/opt/ros/humble /usr/bin/cmake --install /home/yundali/Arm_Project_WS/src/build/soarm_scripts
[3.052s] -- Install configuration: ""
[3.053s] -- Installing: /home/yundali/Arm_Project_WS/src/install/soarm_scripts/share/ament_index/resource_index/package_run_dependencies/soarm_scripts
[3.053s] -- Installing: /home/yundali/Arm_Project_WS/src/install/soarm_scripts/share/ament_index/resource_index/parent_prefix_path/soarm_scripts
[3.053s] -- Installing: /home/yundali/Arm_Project_WS/src/install/soarm_scripts/share/soarm_scripts/environment/ament_prefix_path.sh
[3.054s] -- Installing: /home/yundali/Arm_Project_WS/src/install/soarm_scripts/share/soarm_scripts/environment/ament_prefix_path.dsv
[3.054s] -- Installing: /home/yundali/Arm_Project_WS/src/install/soarm_scripts/share/soarm_scripts/environment/path.sh
[3.054s] -- Installing: /home/yundali/Arm_Project_WS/src/install/soarm_scripts/share/soarm_scripts/environment/path.dsv
[3.054s] -- Installing: /home/yundali/Arm_Project_WS/src/install/soarm_scripts/share/soarm_scripts/local_setup.bash
[3.054s] -- Installing: /home/yundali/Arm_Project_WS/src/install/soarm_scripts/share/soarm_scripts/local_setup.sh
[3.055s] -- Installing: /home/yundali/Arm_Project_WS/src/install/soarm_scripts/share/soarm_scripts/local_setup.zsh
[3.055s] -- Installing: /home/yundali/Arm_Project_WS/src/install/soarm_scripts/share/soarm_scripts/local_setup.dsv
[3.055s] -- Installing: /home/yundali/Arm_Project_WS/src/install/soarm_scripts/share/soarm_scripts/package.dsv
[3.055s] -- Installing: /home/yundali/Arm_Project_WS/src/install/soarm_scripts/share/ament_index/resource_index/packages/soarm_scripts
[3.055s] -- Installing: /home/yundali/Arm_Project_WS/src/install/soarm_scripts/share/soarm_scripts/cmake/soarm_scriptsConfig.cmake
[3.056s] -- Installing: /home/yundali/Arm_Project_WS/src/install/soarm_scripts/share/soarm_scripts/cmake/soarm_scriptsConfig-version.cmake
[3.056s] -- Installing: /home/yundali/Arm_Project_WS/src/install/soarm_scripts/share/soarm_scripts/package.xml
[3.058s] Invoked command in '/home/yundali/Arm_Project_WS/src/build/soarm_scripts' returned '0': CMAKE_PREFIX_PATH=${CMAKE_PREFIX_PATH}:/opt/ros/humble /usr/bin/cmake --install /home/yundali/Arm_Project_WS/src/build/soarm_scripts
