-- The C compiler identification is GNU 11.4.0
-- The CXX compiler identification is GNU 11.4.0
-- Detecting C compiler ABI info
-- Detecting C compiler ABI info - done
-- Check for working C compiler: /usr/bin/cc - skipped
-- Detecting C compile features
-- Detecting C compile features - done
-- Detecting CXX compiler ABI info
-- Detecting CXX compiler ABI info - done
-- Check for working CXX compiler: /usr/bin/c++ - skipped
-- Detecting CXX compile features
-- Detecting CXX compile features - done
-- Looking for pthread.h
-- Looking for pthread.h - found
-- Performing Test CMAKE_HAVE_LIBC_PTHREAD
-- Performing Test CMAKE_HAVE_LIBC_PTHREAD - Success
-- Found Threads: TRUE  
-- Found PkgConfig: /usr/bin/pkg-config (found version "0.29.2") 
-- Checking for module 'libserial'
--   Found libserial, version 1.0.0
-- feetech_driver version: 0.1.0
-- Found ament_cmake: 1.3.13 (/opt/ros/humble/share/ament_cmake/cmake)
-- Found Python3: /usr/bin/python3 (found version "3.10.12") found components: Interpreter 
-- Found rclcpp: 16.0.18 (/opt/ros/humble/share/rclcpp/cmake)
-- Found rosidl_generator_c: 3.1.8 (/opt/ros/humble/share/rosidl_generator_c/cmake)
-- Found rosidl_adapter: 3.1.8 (/opt/ros/humble/share/rosidl_adapter/cmake)
-- Found rosidl_generator_cpp: 3.1.8 (/opt/ros/humble/share/rosidl_generator_cpp/cmake)
-- Using all available rosidl_typesupport_c: rosidl_typesupport_fastrtps_c;rosidl_typesupport_introspection_c
-- Using all available rosidl_typesupport_cpp: rosidl_typesupport_fastrtps_cpp;rosidl_typesupport_introspection_cpp
-- Found rmw_implementation_cmake: 6.1.2 (/opt/ros/humble/share/rmw_implementation_cmake/cmake)
-- Found rmw_fastrtps_cpp: 6.2.10 (/opt/ros/humble/share/rmw_fastrtps_cpp/cmake)
-- Found OpenSSL: /usr/lib/x86_64-linux-gnu/libcrypto.so (found version "3.0.2")  
-- Found FastRTPS: /opt/ros/humble/include  
-- Using RMW implementation 'rmw_fastrtps_cpp' as default
-- Found hardware_interface: 2.53.1 (/opt/ros/humble/share/hardware_interface/cmake)
-- Configuring done
-- Generating done
-- Build files have been written to: /home/yundali/Arm_Project_WS/src/build/feetech_ros2_driver
[ 22%] [32mBuilding CXX object feetech_driver/CMakeFiles/serial_port.dir/src/serial_port.cpp.o[0m
[ 22%] [34m[1mGenerating feetech_ros2_driver/version.hpp[0m
[ 22%] Built target ament_generate_version_header__feetech_ros2_driver
[ 33%] [32m[1mLinking CXX shared library libserial_port.so[0m
[ 33%] Built target serial_port
[ 44%] [32mBuilding CXX object feetech_driver/CMakeFiles/communication_protocol.dir/src/communication_protocol.cpp.o[0m
[ 55%] [32m[1mLinking CXX shared library libcommunication_protocol.so[0m
[ 55%] Built target communication_protocol
[ 77%] [32mBuilding CXX object feetech_driver/CMakeFiles/demo.dir/examples/demo.cpp.o[0m
[ 77%] [32mBuilding CXX object CMakeFiles/feetech_ros2_driver.dir/src/feetech_ros2_driver.cpp.o[0m
[ 88%] [32m[1mLinking CXX executable demo[0m
[ 88%] Built target demo
[100%] [32m[1mLinking CXX shared library libfeetech_ros2_driver.so[0m
[100%] Built target feetech_ros2_driver
-- Install configuration: ""
-- Installing: /home/yundali/Arm_Project_WS/src/install/feetech_ros2_driver/lib/libserial_port.so.0.1.0
-- Installing: /home/yundali/Arm_Project_WS/src/install/feetech_ros2_driver/lib/libserial_port.so.0
-- Installing: /home/yundali/Arm_Project_WS/src/install/feetech_ros2_driver/lib/libserial_port.so
-- Installing: /home/yundali/Arm_Project_WS/src/install/feetech_ros2_driver/lib/libcommunication_protocol.so.0.1.0
-- Installing: /home/yundali/Arm_Project_WS/src/install/feetech_ros2_driver/lib/libcommunication_protocol.so.0
-- Set runtime path of "/home/yundali/Arm_Project_WS/src/install/feetech_ros2_driver/lib/libcommunication_protocol.so.0.1.0" to ""
-- Installing: /home/yundali/Arm_Project_WS/src/install/feetech_ros2_driver/lib/libcommunication_protocol.so
-- Installing: /home/yundali/Arm_Project_WS/src/install/feetech_ros2_driver/bin/demo
-- Set runtime path of "/home/yundali/Arm_Project_WS/src/install/feetech_ros2_driver/bin/demo" to ""
-- Installing: /home/yundali/Arm_Project_WS/src/install/feetech_ros2_driver/lib/cmake/feetech_driver/feetech_driver-config.cmake
-- Installing: /home/yundali/Arm_Project_WS/src/install/feetech_ros2_driver/lib/cmake/feetech_driver/feetech_driver-config-version.cmake
-- Installing: /home/yundali/Arm_Project_WS/src/install/feetech_ros2_driver/lib/cmake/feetech_driver/feetech_driver-targets.cmake
-- Installing: /home/yundali/Arm_Project_WS/src/install/feetech_ros2_driver/lib/cmake/feetech_driver/feetech_driver-targets-noconfig.cmake
-- Installing: /home/yundali/Arm_Project_WS/src/install/feetech_ros2_driver/share/feetech_ros2_driver/feetech_ros2_control_plugin_description.xml
-- Installing: /home/yundali/Arm_Project_WS/src/install/feetech_ros2_driver/lib/libfeetech_ros2_driver.so
-- Set runtime path of "/home/yundali/Arm_Project_WS/src/install/feetech_ros2_driver/lib/libfeetech_ros2_driver.so" to ""
-- Installing: /home/yundali/Arm_Project_WS/src/install/feetech_ros2_driver/include/feetech_ros2_driver
-- Installing: /home/yundali/Arm_Project_WS/src/install/feetech_ros2_driver/include/feetech_ros2_driver/feetech_ros2_driver
-- Installing: /home/yundali/Arm_Project_WS/src/install/feetech_ros2_driver/include/feetech_ros2_driver/feetech_ros2_driver/feetech_ros2_driver.hpp
-- Installing: /home/yundali/Arm_Project_WS/src/install/feetech_ros2_driver/share/feetech_ros2_driver/environment/library_path.sh
-- Installing: /home/yundali/Arm_Project_WS/src/install/feetech_ros2_driver/share/feetech_ros2_driver/environment/library_path.dsv
-- Installing: /home/yundali/Arm_Project_WS/src/install/feetech_ros2_driver/include/feetech_ros2_driver/feetech_ros2_driver/version.hpp
-- Installing: /home/yundali/Arm_Project_WS/src/install/feetech_ros2_driver/share/ament_index/resource_index/package_run_dependencies/feetech_ros2_driver
-- Installing: /home/yundali/Arm_Project_WS/src/install/feetech_ros2_driver/share/ament_index/resource_index/parent_prefix_path/feetech_ros2_driver
-- Installing: /home/yundali/Arm_Project_WS/src/install/feetech_ros2_driver/share/feetech_ros2_driver/environment/ament_prefix_path.sh
-- Installing: /home/yundali/Arm_Project_WS/src/install/feetech_ros2_driver/share/feetech_ros2_driver/environment/ament_prefix_path.dsv
-- Installing: /home/yundali/Arm_Project_WS/src/install/feetech_ros2_driver/share/feetech_ros2_driver/environment/path.sh
-- Installing: /home/yundali/Arm_Project_WS/src/install/feetech_ros2_driver/share/feetech_ros2_driver/environment/path.dsv
-- Installing: /home/yundali/Arm_Project_WS/src/install/feetech_ros2_driver/share/feetech_ros2_driver/local_setup.bash
-- Installing: /home/yundali/Arm_Project_WS/src/install/feetech_ros2_driver/share/feetech_ros2_driver/local_setup.sh
-- Installing: /home/yundali/Arm_Project_WS/src/install/feetech_ros2_driver/share/feetech_ros2_driver/local_setup.zsh
-- Installing: /home/yundali/Arm_Project_WS/src/install/feetech_ros2_driver/share/feetech_ros2_driver/local_setup.dsv
-- Installing: /home/yundali/Arm_Project_WS/src/install/feetech_ros2_driver/share/feetech_ros2_driver/package.dsv
-- Installing: /home/yundali/Arm_Project_WS/src/install/feetech_ros2_driver/share/ament_index/resource_index/packages/feetech_ros2_driver
-- Installing: /home/yundali/Arm_Project_WS/src/install/feetech_ros2_driver/share/ament_index/resource_index/hardware_interface__pluginlib__plugin/feetech_ros2_driver
-- Installing: /home/yundali/Arm_Project_WS/src/install/feetech_ros2_driver/share/feetech_ros2_driver/cmake/feetech_ros2_driverTargetsExport.cmake
-- Installing: /home/yundali/Arm_Project_WS/src/install/feetech_ros2_driver/share/feetech_ros2_driver/cmake/feetech_ros2_driverTargetsExport-noconfig.cmake
-- Installing: /home/yundali/Arm_Project_WS/src/install/feetech_ros2_driver/share/feetech_ros2_driver/cmake/ament_cmake_export_targets-extras.cmake
-- Installing: /home/yundali/Arm_Project_WS/src/install/feetech_ros2_driver/share/feetech_ros2_driver/cmake/ament_cmake_export_dependencies-extras.cmake
-- Installing: /home/yundali/Arm_Project_WS/src/install/feetech_ros2_driver/share/feetech_ros2_driver/cmake/feetech_ros2_driverConfig.cmake
-- Installing: /home/yundali/Arm_Project_WS/src/install/feetech_ros2_driver/share/feetech_ros2_driver/cmake/feetech_ros2_driverConfig-version.cmake
-- Installing: /home/yundali/Arm_Project_WS/src/install/feetech_ros2_driver/share/feetech_ros2_driver/package.xml
