[0.056s] Invoking command in '/home/yundali/Arm_Project_WS/src/build/feetech_ros2_driver': CMAKE_PREFIX_PATH=${CMAKE_PREFIX_PATH}:/opt/ros/humble /usr/bin/cmake /home/yundali/Arm_Project_WS/src/feetech_ros2_driver -DCMAKE_INSTALL_PREFIX=/home/yundali/Arm_Project_WS/src/install/feetech_ros2_driver
[0.793s] -- The C compiler identification is GNU 11.4.0
[1.175s] -- The CXX compiler identification is GNU 11.4.0
[1.286s] -- Detecting C compiler ABI info
[1.556s] -- Detecting C compiler ABI info - done
[1.565s] -- Check for working C compiler: /usr/bin/cc - skipped
[1.565s] -- Detecting C compile features
[1.585s] -- Detecting C compile features - done
[1.594s] -- Detecting CXX compiler ABI info
[1.784s] -- Detecting CXX compiler ABI info - done
[1.799s] -- Check for working CXX compiler: /usr/bin/c++ - skipped
[1.799s] -- Detecting CXX compile features
[1.800s] -- Detecting CXX compile features - done
[2.011s] -- Looking for pthread.h
[2.158s] -- Looking for pthread.h - found
[2.161s] -- Performing Test CMAKE_HAVE_LIBC_PTHREAD
[2.287s] -- Performing Test CMAKE_HAVE_LIBC_PTHREAD - Success
[2.289s] -- Found Threads: TRUE  
[2.372s] -- Found PkgConfig: /usr/bin/pkg-config (found version "0.29.2") 
[2.373s] -- Checking for module 'libserial'
[2.476s] --   Found libserial, version 1.0.0
[2.525s] -- feetech_driver version: 0.1.0
[2.587s] -- Found ament_cmake: 1.3.13 (/opt/ros/humble/share/ament_cmake/cmake)
[2.775s] -- Found Python3: /usr/bin/python3 (found version "3.10.12") found components: Interpreter 
[2.900s] -- Found rclcpp: 16.0.18 (/opt/ros/humble/share/rclcpp/cmake)
[3.044s] -- Found rosidl_generator_c: 3.1.8 (/opt/ros/humble/share/rosidl_generator_c/cmake)
[3.075s] -- Found rosidl_adapter: 3.1.8 (/opt/ros/humble/share/rosidl_adapter/cmake)
[3.113s] -- Found rosidl_generator_cpp: 3.1.8 (/opt/ros/humble/share/rosidl_generator_cpp/cmake)
[3.527s] -- Using all available rosidl_typesupport_c: rosidl_typesupport_fastrtps_c;rosidl_typesupport_introspection_c
[3.820s] -- Using all available rosidl_typesupport_cpp: rosidl_typesupport_fastrtps_cpp;rosidl_typesupport_introspection_cpp
[4.831s] -- Found rmw_implementation_cmake: 6.1.2 (/opt/ros/humble/share/rmw_implementation_cmake/cmake)
[4.883s] -- Found rmw_fastrtps_cpp: 6.2.10 (/opt/ros/humble/share/rmw_fastrtps_cpp/cmake)
[5.384s] -- Found OpenSSL: /usr/lib/x86_64-linux-gnu/libcrypto.so (found version "3.0.2")  
[5.443s] -- Found FastRTPS: /opt/ros/humble/include  
[5.517s] -- Using RMW implementation 'rmw_fastrtps_cpp' as default
[5.833s] -- Found hardware_interface: 2.53.1 (/opt/ros/humble/share/hardware_interface/cmake)
[6.588s] -- Configuring done
[6.629s] -- Generating done
[6.637s] -- Build files have been written to: /home/yundali/Arm_Project_WS/src/build/feetech_ros2_driver
[6.650s] Invoked command in '/home/yundali/Arm_Project_WS/src/build/feetech_ros2_driver' returned '0': CMAKE_PREFIX_PATH=${CMAKE_PREFIX_PATH}:/opt/ros/humble /usr/bin/cmake /home/yundali/Arm_Project_WS/src/feetech_ros2_driver -DCMAKE_INSTALL_PREFIX=/home/yundali/Arm_Project_WS/src/install/feetech_ros2_driver
[6.652s] Invoking command in '/home/yundali/Arm_Project_WS/src/build/feetech_ros2_driver': CMAKE_PREFIX_PATH=${CMAKE_PREFIX_PATH}:/opt/ros/humble /usr/bin/cmake --build /home/yundali/Arm_Project_WS/src/build/feetech_ros2_driver -- -j8 -l8
[6.713s] [ 22%] [32mBuilding CXX object feetech_driver/CMakeFiles/serial_port.dir/src/serial_port.cpp.o[0m
[6.713s] [ 22%] [34m[1mGenerating feetech_ros2_driver/version.hpp[0m
[6.749s] [ 22%] Built target ament_generate_version_header__feetech_ros2_driver
[10.996s] [ 33%] [32m[1mLinking CXX shared library libserial_port.so[0m
[11.159s] [ 33%] Built target serial_port
[11.183s] [ 44%] [32mBuilding CXX object feetech_driver/CMakeFiles/communication_protocol.dir/src/communication_protocol.cpp.o[0m
[13.862s] [ 55%] [32m[1mLinking CXX shared library libcommunication_protocol.so[0m
[13.994s] [ 55%] Built target communication_protocol
[14.020s] [ 77%] [32mBuilding CXX object feetech_driver/CMakeFiles/demo.dir/examples/demo.cpp.o[0m
[14.020s] [ 77%] [32mBuilding CXX object CMakeFiles/feetech_ros2_driver.dir/src/feetech_ros2_driver.cpp.o[0m
[19.714s] [ 88%] [32m[1mLinking CXX executable demo[0m
[19.918s] [ 88%] Built target demo
[26.258s] [100%] [32m[1mLinking CXX shared library libfeetech_ros2_driver.so[0m
[27.318s] [100%] Built target feetech_ros2_driver
[27.332s] Invoked command in '/home/yundali/Arm_Project_WS/src/build/feetech_ros2_driver' returned '0': CMAKE_PREFIX_PATH=${CMAKE_PREFIX_PATH}:/opt/ros/humble /usr/bin/cmake --build /home/yundali/Arm_Project_WS/src/build/feetech_ros2_driver -- -j8 -l8
[27.334s] Invoking command in '/home/yundali/Arm_Project_WS/src/build/feetech_ros2_driver': CMAKE_PREFIX_PATH=${CMAKE_PREFIX_PATH}:/opt/ros/humble /usr/bin/cmake --install /home/yundali/Arm_Project_WS/src/build/feetech_ros2_driver
[27.343s] -- Install configuration: ""
[27.344s] -- Installing: /home/yundali/Arm_Project_WS/src/install/feetech_ros2_driver/lib/libserial_port.so.0.1.0
[27.345s] -- Installing: /home/yundali/Arm_Project_WS/src/install/feetech_ros2_driver/lib/libserial_port.so.0
[27.345s] -- Installing: /home/yundali/Arm_Project_WS/src/install/feetech_ros2_driver/lib/libserial_port.so
[27.345s] -- Installing: /home/yundali/Arm_Project_WS/src/install/feetech_ros2_driver/lib/libcommunication_protocol.so.0.1.0
[27.346s] -- Installing: /home/yundali/Arm_Project_WS/src/install/feetech_ros2_driver/lib/libcommunication_protocol.so.0
[27.346s] -- Set runtime path of "/home/yundali/Arm_Project_WS/src/install/feetech_ros2_driver/lib/libcommunication_protocol.so.0.1.0" to ""
[27.347s] -- Installing: /home/yundali/Arm_Project_WS/src/install/feetech_ros2_driver/lib/libcommunication_protocol.so
[27.347s] -- Installing: /home/yundali/Arm_Project_WS/src/install/feetech_ros2_driver/bin/demo
[27.349s] -- Set runtime path of "/home/yundali/Arm_Project_WS/src/install/feetech_ros2_driver/bin/demo" to ""
[27.349s] -- Installing: /home/yundali/Arm_Project_WS/src/install/feetech_ros2_driver/lib/cmake/feetech_driver/feetech_driver-config.cmake
[27.350s] -- Installing: /home/yundali/Arm_Project_WS/src/install/feetech_ros2_driver/lib/cmake/feetech_driver/feetech_driver-config-version.cmake
[27.350s] -- Installing: /home/yundali/Arm_Project_WS/src/install/feetech_ros2_driver/lib/cmake/feetech_driver/feetech_driver-targets.cmake
[27.350s] -- Installing: /home/yundali/Arm_Project_WS/src/install/feetech_ros2_driver/lib/cmake/feetech_driver/feetech_driver-targets-noconfig.cmake
[27.351s] -- Installing: /home/yundali/Arm_Project_WS/src/install/feetech_ros2_driver/share/feetech_ros2_driver/feetech_ros2_control_plugin_description.xml
[27.351s] -- Installing: /home/yundali/Arm_Project_WS/src/install/feetech_ros2_driver/lib/libfeetech_ros2_driver.so
[27.354s] -- Set runtime path of "/home/yundali/Arm_Project_WS/src/install/feetech_ros2_driver/lib/libfeetech_ros2_driver.so" to ""
[27.354s] -- Installing: /home/yundali/Arm_Project_WS/src/install/feetech_ros2_driver/include/feetech_ros2_driver
[27.354s] -- Installing: /home/yundali/Arm_Project_WS/src/install/feetech_ros2_driver/include/feetech_ros2_driver/feetech_ros2_driver
[27.354s] -- Installing: /home/yundali/Arm_Project_WS/src/install/feetech_ros2_driver/include/feetech_ros2_driver/feetech_ros2_driver/feetech_ros2_driver.hpp
[27.355s] -- Installing: /home/yundali/Arm_Project_WS/src/install/feetech_ros2_driver/share/feetech_ros2_driver/environment/library_path.sh
[27.355s] -- Installing: /home/yundali/Arm_Project_WS/src/install/feetech_ros2_driver/share/feetech_ros2_driver/environment/library_path.dsv
[27.355s] -- Installing: /home/yundali/Arm_Project_WS/src/install/feetech_ros2_driver/include/feetech_ros2_driver/feetech_ros2_driver/version.hpp
[27.355s] -- Installing: /home/yundali/Arm_Project_WS/src/install/feetech_ros2_driver/share/ament_index/resource_index/package_run_dependencies/feetech_ros2_driver
[27.355s] -- Installing: /home/yundali/Arm_Project_WS/src/install/feetech_ros2_driver/share/ament_index/resource_index/parent_prefix_path/feetech_ros2_driver
[27.356s] -- Installing: /home/yundali/Arm_Project_WS/src/install/feetech_ros2_driver/share/feetech_ros2_driver/environment/ament_prefix_path.sh
[27.356s] -- Installing: /home/yundali/Arm_Project_WS/src/install/feetech_ros2_driver/share/feetech_ros2_driver/environment/ament_prefix_path.dsv
[27.356s] -- Installing: /home/yundali/Arm_Project_WS/src/install/feetech_ros2_driver/share/feetech_ros2_driver/environment/path.sh
[27.356s] -- Installing: /home/yundali/Arm_Project_WS/src/install/feetech_ros2_driver/share/feetech_ros2_driver/environment/path.dsv
[27.357s] -- Installing: /home/yundali/Arm_Project_WS/src/install/feetech_ros2_driver/share/feetech_ros2_driver/local_setup.bash
[27.357s] -- Installing: /home/yundali/Arm_Project_WS/src/install/feetech_ros2_driver/share/feetech_ros2_driver/local_setup.sh
[27.357s] -- Installing: /home/yundali/Arm_Project_WS/src/install/feetech_ros2_driver/share/feetech_ros2_driver/local_setup.zsh
[27.357s] -- Installing: /home/yundali/Arm_Project_WS/src/install/feetech_ros2_driver/share/feetech_ros2_driver/local_setup.dsv
[27.358s] -- Installing: /home/yundali/Arm_Project_WS/src/install/feetech_ros2_driver/share/feetech_ros2_driver/package.dsv
[27.358s] -- Installing: /home/yundali/Arm_Project_WS/src/install/feetech_ros2_driver/share/ament_index/resource_index/packages/feetech_ros2_driver
[27.358s] -- Installing: /home/yundali/Arm_Project_WS/src/install/feetech_ros2_driver/share/ament_index/resource_index/hardware_interface__pluginlib__plugin/feetech_ros2_driver
[27.358s] -- Installing: /home/yundali/Arm_Project_WS/src/install/feetech_ros2_driver/share/feetech_ros2_driver/cmake/feetech_ros2_driverTargetsExport.cmake
[27.358s] -- Installing: /home/yundali/Arm_Project_WS/src/install/feetech_ros2_driver/share/feetech_ros2_driver/cmake/feetech_ros2_driverTargetsExport-noconfig.cmake
[27.358s] -- Installing: /home/yundali/Arm_Project_WS/src/install/feetech_ros2_driver/share/feetech_ros2_driver/cmake/ament_cmake_export_targets-extras.cmake
[27.359s] -- Installing: /home/yundali/Arm_Project_WS/src/install/feetech_ros2_driver/share/feetech_ros2_driver/cmake/ament_cmake_export_dependencies-extras.cmake
[27.359s] -- Installing: /home/yundali/Arm_Project_WS/src/install/feetech_ros2_driver/share/feetech_ros2_driver/cmake/feetech_ros2_driverConfig.cmake
[27.359s] -- Installing: /home/yundali/Arm_Project_WS/src/install/feetech_ros2_driver/share/feetech_ros2_driver/cmake/feetech_ros2_driverConfig-version.cmake
[27.359s] -- Installing: /home/yundali/Arm_Project_WS/src/install/feetech_ros2_driver/share/feetech_ros2_driver/package.xml
[27.362s] Invoked command in '/home/yundali/Arm_Project_WS/src/build/feetech_ros2_driver' returned '0': CMAKE_PREFIX_PATH=${CMAKE_PREFIX_PATH}:/opt/ros/humble /usr/bin/cmake --install /home/yundali/Arm_Project_WS/src/build/feetech_ros2_driver
